Archive member included to satisfy reference by file (symbol)

e:/project/program/vscode/tools/gcc-arm-none-eabi-10.3-2021.10/bin/../lib/gcc/arm-none-eabi/10.3.1/../../../../arm-none-eabi/lib/thumb/v7-m/nofp\libc_nano.a(lib_a-exit.o)
                              e:/project/program/vscode/tools/gcc-arm-none-eabi-10.3-2021.10/bin/../lib/gcc/arm-none-eabi/10.3.1/../../../../arm-none-eabi/lib/thumb/v7-m/nofp/crt0.o (exit)
e:/project/program/vscode/tools/gcc-arm-none-eabi-10.3-2021.10/bin/../lib/gcc/arm-none-eabi/10.3.1/../../../../arm-none-eabi/lib/thumb/v7-m/nofp\libc_nano.a(lib_a-impure.o)
                              e:/project/program/vscode/tools/gcc-arm-none-eabi-10.3-2021.10/bin/../lib/gcc/arm-none-eabi/10.3.1/../../../../arm-none-eabi/lib/thumb/v7-m/nofp\libc_nano.a(lib_a-exit.o) (_global_impure_ptr)
e:/project/program/vscode/tools/gcc-arm-none-eabi-10.3-2021.10/bin/../lib/gcc/arm-none-eabi/10.3.1/../../../../arm-none-eabi/lib/thumb/v7-m/nofp\libc_nano.a(lib_a-init.o)
                              e:/project/program/vscode/tools/gcc-arm-none-eabi-10.3-2021.10/bin/../lib/gcc/arm-none-eabi/10.3.1/../../../../arm-none-eabi/lib/thumb/v7-m/nofp/crt0.o (__libc_init_array)
e:/project/program/vscode/tools/gcc-arm-none-eabi-10.3-2021.10/bin/../lib/gcc/arm-none-eabi/10.3.1/../../../../arm-none-eabi/lib/thumb/v7-m/nofp\libc_nano.a(lib_a-memcpy-stub.o)
                              build/ssd1306.o (memcpy)
e:/project/program/vscode/tools/gcc-arm-none-eabi-10.3-2021.10/bin/../lib/gcc/arm-none-eabi/10.3.1/../../../../arm-none-eabi/lib/thumb/v7-m/nofp\libc_nano.a(lib_a-memset.o)
                              e:/project/program/vscode/tools/gcc-arm-none-eabi-10.3-2021.10/bin/../lib/gcc/arm-none-eabi/10.3.1/../../../../arm-none-eabi/lib/thumb/v7-m/nofp/crt0.o (memset)
e:/project/program/vscode/tools/gcc-arm-none-eabi-10.3-2021.10/bin/../lib/gcc/arm-none-eabi/10.3.1/../../../../arm-none-eabi/lib/thumb/v7-m/nofp\libc_nano.a(lib_a-sprintf.o)
                              build/main.o (sprintf)
e:/project/program/vscode/tools/gcc-arm-none-eabi-10.3-2021.10/bin/../lib/gcc/arm-none-eabi/10.3.1/../../../../arm-none-eabi/lib/thumb/v7-m/nofp\libc_nano.a(lib_a-nano-svfprintf.o)
                              e:/project/program/vscode/tools/gcc-arm-none-eabi-10.3-2021.10/bin/../lib/gcc/arm-none-eabi/10.3.1/../../../../arm-none-eabi/lib/thumb/v7-m/nofp\libc_nano.a(lib_a-sprintf.o) (_svfprintf_r)
e:/project/program/vscode/tools/gcc-arm-none-eabi-10.3-2021.10/bin/../lib/gcc/arm-none-eabi/10.3.1/../../../../arm-none-eabi/lib/thumb/v7-m/nofp\libc_nano.a(lib_a-nano-vfprintf_i.o)
                              e:/project/program/vscode/tools/gcc-arm-none-eabi-10.3-2021.10/bin/../lib/gcc/arm-none-eabi/10.3.1/../../../../arm-none-eabi/lib/thumb/v7-m/nofp\libc_nano.a(lib_a-nano-svfprintf.o) (_printf_i)
e:/project/program/vscode/tools/gcc-arm-none-eabi-10.3-2021.10/bin/../lib/gcc/arm-none-eabi/10.3.1/../../../../arm-none-eabi/lib/thumb/v7-m/nofp\libc_nano.a(lib_a-memchr-stub.o)
                              e:/project/program/vscode/tools/gcc-arm-none-eabi-10.3-2021.10/bin/../lib/gcc/arm-none-eabi/10.3.1/../../../../arm-none-eabi/lib/thumb/v7-m/nofp\libc_nano.a(lib_a-nano-svfprintf.o) (memchr)
e:/project/program/vscode/tools/gcc-arm-none-eabi-10.3-2021.10/bin/../lib/gcc/arm-none-eabi/10.3.1/../../../../arm-none-eabi/lib/thumb/v7-m/nofp\libc_nano.a(lib_a-memmove.o)
                              e:/project/program/vscode/tools/gcc-arm-none-eabi-10.3-2021.10/bin/../lib/gcc/arm-none-eabi/10.3.1/../../../../arm-none-eabi/lib/thumb/v7-m/nofp\libc_nano.a(lib_a-nano-svfprintf.o) (memmove)
e:/project/program/vscode/tools/gcc-arm-none-eabi-10.3-2021.10/bin/../lib/gcc/arm-none-eabi/10.3.1/../../../../arm-none-eabi/lib/thumb/v7-m/nofp\libc_nano.a(lib_a-nano-freer.o)
                              e:/project/program/vscode/tools/gcc-arm-none-eabi-10.3-2021.10/bin/../lib/gcc/arm-none-eabi/10.3.1/../../../../arm-none-eabi/lib/thumb/v7-m/nofp\libc_nano.a(lib_a-nano-svfprintf.o) (_free_r)
e:/project/program/vscode/tools/gcc-arm-none-eabi-10.3-2021.10/bin/../lib/gcc/arm-none-eabi/10.3.1/../../../../arm-none-eabi/lib/thumb/v7-m/nofp\libc_nano.a(lib_a-nano-mallocr.o)
                              e:/project/program/vscode/tools/gcc-arm-none-eabi-10.3-2021.10/bin/../lib/gcc/arm-none-eabi/10.3.1/../../../../arm-none-eabi/lib/thumb/v7-m/nofp\libc_nano.a(lib_a-nano-svfprintf.o) (_malloc_r)
e:/project/program/vscode/tools/gcc-arm-none-eabi-10.3-2021.10/bin/../lib/gcc/arm-none-eabi/10.3.1/../../../../arm-none-eabi/lib/thumb/v7-m/nofp\libc_nano.a(lib_a-nano-reallocr.o)
                              e:/project/program/vscode/tools/gcc-arm-none-eabi-10.3-2021.10/bin/../lib/gcc/arm-none-eabi/10.3.1/../../../../arm-none-eabi/lib/thumb/v7-m/nofp\libc_nano.a(lib_a-nano-svfprintf.o) (_realloc_r)
e:/project/program/vscode/tools/gcc-arm-none-eabi-10.3-2021.10/bin/../lib/gcc/arm-none-eabi/10.3.1/../../../../arm-none-eabi/lib/thumb/v7-m/nofp\libc_nano.a(lib_a-sbrkr.o)
[...]
Memory Configuration

Name             Origin             Length             Attributes
RAM              0x20000000         0x00005000         xrw
FLASH            0x08000000         0x00010000         xr
*default*        0x00000000         0xffffffff

Linker script and memory map

LOAD e:/project/program/vscode/tools/gcc-arm-none-eabi-10.3-2021.10/bin/../lib/gcc/arm-none-eabi/10.3.1/thumb/v7-m/nofp/crti.o
LOAD e:/project/program/vscode/tools/gcc-arm-none-eabi-10.3-2021.10/bin/../lib/gcc/arm-none-eabi/10.3.1/thumb/v7-m/nofp/crtbegin.o
LOAD e:/project/program/vscode/tools/gcc-arm-none-eabi-10.3-2021.10/bin/../lib/gcc/arm-none-eabi/10.3.1/../../../../arm-none-eabi/lib/thumb/v7-m/nofp/crt0.o
LOAD build/main.o
LOAD build/stm32f1xx_it.o
LOAD build/stm32f1xx_hal_msp.o
LOAD build/stm32f1xx_hal_gpio_ex.o
LOAD build/stm32f1xx_hal_adc.o
LOAD build/stm32f1xx_hal_adc_ex.o
LOAD build/stm32f1xx_hal.o
LOAD build/stm32f1xx_hal_rcc.o
LOAD build/stm32f1xx_hal_rcc_ex.o
LOAD build/stm32f1xx_hal_gpio.o
LOAD build/stm32f1xx_hal_dma.o
LOAD build/stm32f1xx_hal_cortex.o
LOAD build/stm32f1xx_hal_pwr.o
LOAD build/stm32f1xx_hal_flash.o
LOAD build/stm32f1xx_hal_flash_ex.o
LOAD build/stm32f1xx_hal_exti.o
LOAD build/stm32f1xx_hal_i2c.o
LOAD build/stm32f1xx_hal_tim.o
LOAD build/stm32f1xx_hal_tim_ex.o
LOAD build/system_stm32f1xx.o
LOAD build/ssd1306_fonts.o
LOAD build/ssd1306.o
LOAD build/startup_stm32f103xb.o
LOAD e:/project/program/vscode/tools/gcc-arm-none-eabi-10.3-2021.10/bin/../lib/gcc/arm-none-eabi/10.3.1/../../../../arm-none-eabi/lib/thumb/v7-m/nofp\libc_nano.a
LOAD e:/project/program/vscode/tools/gcc-arm-none-eabi-10.3-2021.10/bin/../lib/gcc/arm-none-eabi/10.3.1/../../../../arm-none-eabi/lib/thumb/v7-m/nofp\libm.a
LOAD e:/project/program/vscode/tools/gcc-arm-none-eabi-10.3-2021.10/bin/../lib/gcc/arm-none-eabi/10.3.1/../../../../arm-none-eabi/lib/thumb/v7-m/nofp\libnosys.a
START GROUP
LOAD e:/project/program/vscode/tools/gcc-arm-none-eabi-10.3-2021.10/bin/../lib/gcc/arm-none-eabi/10.3.1/thumb/v7-m/nofp\libgcc.a
LOAD e:/project/program/vscode/tools/gcc-arm-none-eabi-10.3-2021.10/bin/../lib/gcc/arm-none-eabi/10.3.1/../../../../arm-none-eabi/lib/thumb/v7-m/nofp\libc_nano.a
END GROUP
START GROUP
LOAD e:/project/program/vscode/tools/gcc-arm-none-eabi-10.3-2021.10/bin/../lib/gcc/arm-none-eabi/10.3.1/thumb/v7-m/nofp\libgcc.a
LOAD e:/project/program/vscode/tools/gcc-arm-none-eabi-10.3-2021.10/bin/../lib/gcc/arm-none-eabi/10.3.1/../../../../arm-none-eabi/lib/thumb/v7-m/nofp\libc_nano.a
END GROUP
LOAD e:/project/program/vscode/tools/gcc-arm-none-eabi-10.3-2021.10/bin/../lib/gcc/arm-none-eabi/10.3.1/thumb/v7-m/nofp/crtend.o
LOAD e:/project/program/vscode/tools/gcc-arm-none-eabi-10.3-2021.10/bin/../lib/gcc/arm-none-eabi/10.3.1/thumb/v7-m/nofp/crtn.o
                0x20005000                _estack = 0x20005000
                0x00000200                _Min_Heap_Size = 0x200
                0x00000400                _Min_Stack_Size = 0x400

.isr_vector     0x08000000      0x10c
                0x08000000                . = ALIGN (0x4)
 *(.isr_vector)
 .isr_vector    0x08000000      0x10c build/startup_stm32f103xb.o
                0x08000000                g_pfnVectors
                0x0800010c                . = ALIGN (0x4)

.text           0x08000110     0x4344
                0x08000110                . = ALIGN (0x4)
 *(.text)
 .text          0x08000110       0x40 e:/project/program/vscode/tools/gcc-arm-none-eabi-10.3-2021.10/bin/../lib/gcc/arm-none-eabi/10.3.1/thumb/v7-m/nofp/crtbegin.o
 .text          0x08000150      0x378 e:/project/program/vscode/tools/gcc-arm-none-eabi-10.3-2021.10/bin/../lib/gcc/arm-none-eabi/10.3.1/thumb/v7-m/nofp\libgcc.a(_arm_addsubdf3.o)
                0x08000150                __aeabi_drsub
                0x08000158                __aeabi_dsub
                0x08000158                __subdf3
                0x0800015c                __aeabi_dadd
                0x0800015c                __adddf3
                0x080003d4                __floatunsidf
                0x080003d4                __aeabi_ui2d
                0x080003f4                __floatsidf
                0x080003f4                __aeabi_i2d
                0x08000418                __aeabi_f2d
                0x08000418                __extendsfdf2
                0x0800045c                __floatundidf
                0x0800045c                __aeabi_ul2d
                0x0800046c                __floatdidf
                0x0800046c                __aeabi_l2d
 .text          0x080004c8      0x424 e:/project/program/vscode/tools/gcc-arm-none-eabi-10.3-2021.10/bin/../lib/gcc/arm-none-eabi/10.3.1/thumb/v7-m/nofp\libgcc.a(_arm_muldivdf3.o)
                0x080004c8                __aeabi_dmul
                0x080004c8                __muldf3
                0x0800071c                __divdf3
                0x0800071c                __aeabi_ddiv
 .text          0x080008ec       0x50 e:/project/program/vscode/tools/gcc-arm-none-eabi-10.3-2021.10/bin/../lib/gcc/arm-none-eabi/10.3.1/thumb/v7-m/nofp\libgcc.a(_arm_fixdfsi.o)
                0x080008ec                __aeabi_d2iz
                0x080008ec                __fixdfsi
 *(.text*)
 .text.MX_GPIO_Init
                0x0800093c       0xa0 build/main.o
 .text.resetvalue
                0x080009dc       0x24 build/main.o
                0x080009dc                resetvalue
 .text.displayRec
                0x08000a00       0x24 build/main.o
                0x08000a00                displayRec
 .text.displayString
                0x08000a24       0x40 build/main.o
                0x08000a24                displayString
 .text.HAL_GPIO_EXTI_Callback
                0x08000a64       0x7c build/main.o
                0x08000a64                HAL_GPIO_EXTI_Callback
 .text.HAL_ADC_ConvCpltCallback
                0x08000ae0       0x80 build/main.o
                0x08000ae0                HAL_ADC_ConvCpltCallback
 .text.Error_Handler
                0x08000b60        0x4 build/main.o
                0x08000b60                Error_Handler
 .text.MX_ADC1_Init
                0x08000b64       0x58 build/main.o
 .text.MX_I2C1_Init
                0x08000bbc       0x38 build/main.o
 .text.SystemClock_Config
                0x08000bf4       0x84 build/main.o
                0x08000bf4                SystemClock_Config
 .text.main     0x08000c78      0x180 build/main.o
                0x08000c78                main
 .text.NMI_Handler
                0x08000df8        0x2 build/stm32f1xx_it.o
                0x08000df8                NMI_Handler
 .text.HardFault_Handler
                0x08000dfa        0x2 build/stm32f1xx_it.o
                0x08000dfa                HardFault_Handler
 .text.MemManage_Handler
                0x08000dfc        0x2 build/stm32f1xx_it.o
                0x08000dfc                MemManage_Handler
 .text.BusFault_Handler
                0x08000dfe        0x2 build/stm32f1xx_it.o
                0x08000dfe                BusFault_Handler
 .text.UsageFault_Handler
                0x08000e00        0x2 build/stm32f1xx_it.o
                0x08000e00                UsageFault_Handler
 .text.SVC_Handler
                0x08000e02        0x2 build/stm32f1xx_it.o
                0x08000e02                SVC_Handler
 .text.DebugMon_Handler
                0x08000e04        0x2 build/stm32f1xx_it.o
                0x08000e04                DebugMon_Handler
 .text.PendSV_Handler
                0x08000e06        0x2 build/stm32f1xx_it.o
                0x08000e06                PendSV_Handler
 .text.SysTick_Handler
                0x08000e08        0x8 build/stm32f1xx_it.o
                0x08000e08                SysTick_Handler
 .text.ADC1_2_IRQHandler
                0x08000e10       0x10 build/stm32f1xx_it.o
                0x08000e10                ADC1_2_IRQHandler
 .text.EXTI9_5_IRQHandler
                0x08000e20       0x14 build/stm32f1xx_it.o
                0x08000e20                EXTI9_5_IRQHandler
 .text.I2C1_EV_IRQHandler
                0x08000e34       0x10 build/stm32f1xx_it.o
                0x08000e34                I2C1_EV_IRQHandler
 .text.I2C1_ER_IRQHandler
                0x08000e44       0x10 build/stm32f1xx_it.o
                0x08000e44                I2C1_ER_IRQHandler
 .text.HAL_MspInit
                0x08000e54       0x44 build/stm32f1xx_hal_msp.o
                0x08000e54                HAL_MspInit
 .text.HAL_ADC_MspInit
                0x08000e98       0x70 build/stm32f1xx_hal_msp.o
                0x08000e98                HAL_ADC_MspInit
 .text.HAL_I2C_MspInit
                0x08000f08       0x84 build/stm32f1xx_hal_msp.o
                0x08000f08                HAL_I2C_MspInit
 .text.HAL_ADC_GetValue
                0x08000f8c        0x6 build/stm32f1xx_hal_adc.o
                0x08000f8c                HAL_ADC_GetValue
 .text.HAL_ADC_LevelOutOfWindowCallback
                0x08000f92        0x2 build/stm32f1xx_hal_adc.o
                0x08000f92                HAL_ADC_LevelOutOfWindowCallback
 .text.HAL_ADC_IRQHandler
                0x08000f94      0x102 build/stm32f1xx_hal_adc.o
                0x08000f94                HAL_ADC_IRQHandler
 *fill*         0x08001096        0x2 
 .text.HAL_ADC_ConfigChannel
                0x08001098      0x144 build/stm32f1xx_hal_adc.o
                0x08001098                HAL_ADC_ConfigChannel
 .text.ADC_Enable
                0x080011dc       0x88 build/stm32f1xx_hal_adc.o
                0x080011dc                ADC_Enable
 .text.HAL_ADC_Start_IT
                0x08001264       0xf0 build/stm32f1xx_hal_adc.o
                0x08001264                HAL_ADC_Start_IT
 .text.ADC_ConversionStop_Disable
                0x08001354       0x56 build/stm32f1xx_hal_adc.o
                0x08001354                ADC_ConversionStop_Disable
 *fill*         0x080013aa        0x2 
 .text.HAL_ADC_Init
                0x080013ac      0x108 build/stm32f1xx_hal_adc.o
                0x080013ac                HAL_ADC_Init
 .text.HAL_ADCEx_InjectedConvCpltCallback
                0x080014b4        0x2 build/stm32f1xx_hal_adc_ex.o
                0x080014b4                HAL_ADCEx_InjectedConvCpltCallback
 *fill*         0x080014b6        0x2 
 .text.HAL_InitTick
                0x080014b8       0x4c build/stm32f1xx_hal.o
                0x080014b8                HAL_InitTick
 .text.HAL_Init
                0x08001504       0x24 build/stm32f1xx_hal.o
                0x08001504                HAL_Init
 .text.HAL_IncTick
                0x08001528       0x18 build/stm32f1xx_hal.o
                0x08001528                HAL_IncTick
 .text.HAL_GetTick
                0x08001540        0xc build/stm32f1xx_hal.o
                0x08001540                HAL_GetTick
 .text.HAL_Delay
                0x0800154c       0x28 build/stm32f1xx_hal.o
                0x0800154c                HAL_Delay
 .text.RCC_Delay
                0x08001574       0x2c build/stm32f1xx_hal_rcc.o
 .text.HAL_RCC_OscConfig
                0x080015a0      0x410 build/stm32f1xx_hal_rcc.o
                0x080015a0                HAL_RCC_OscConfig
 .text.HAL_RCC_GetSysClockFreq
                0x080019b0       0x54 build/stm32f1xx_hal_rcc.o
                0x080019b0                HAL_RCC_GetSysClockFreq
 .text.HAL_RCC_ClockConfig
                0x08001a04      0x16c build/stm32f1xx_hal_rcc.o
                0x08001a04                HAL_RCC_ClockConfig
 .text.HAL_RCC_GetHCLKFreq
                0x08001b70        0xc build/stm32f1xx_hal_rcc.o
                0x08001b70                HAL_RCC_GetHCLKFreq
 .text.HAL_RCC_GetPCLK1Freq
                0x08001b7c       0x20 build/stm32f1xx_hal_rcc.o
                0x08001b7c                HAL_RCC_GetPCLK1Freq
 .text.HAL_RCCEx_PeriphCLKConfig
                0x08001b9c      0x118 build/stm32f1xx_hal_rcc_ex.o
                0x08001b9c                HAL_RCCEx_PeriphCLKConfig
 .text.HAL_GPIO_Init
                0x08001cb4      0x224 build/stm32f1xx_hal_gpio.o
                0x08001cb4                HAL_GPIO_Init
 .text.HAL_GPIO_WritePin
                0x08001ed8        0xc build/stm32f1xx_hal_gpio.o
                0x08001ed8                HAL_GPIO_WritePin
 .text.HAL_GPIO_EXTI_IRQHandler
                0x08001ee4       0x1c build/stm32f1xx_hal_gpio.o
                0x08001ee4                HAL_GPIO_EXTI_IRQHandler
 .text.HAL_DMA_Abort_IT
                0x08001f00       0x98 build/stm32f1xx_hal_dma.o
                0x08001f00                HAL_DMA_Abort_IT
 .text.HAL_DMA_GetState
                0x08001f98        0x6 build/stm32f1xx_hal_dma.o
                0x08001f98                HAL_DMA_GetState
 *fill*         0x08001f9e        0x2 
 .text.HAL_NVIC_SetPriorityGrouping
                0x08001fa0       0x24 build/stm32f1xx_hal_cortex.o
                0x08001fa0                HAL_NVIC_SetPriorityGrouping
 .text.HAL_NVIC_SetPriority
                0x08001fc4       0x70 build/stm32f1xx_hal_cortex.o
                0x08001fc4                HAL_NVIC_SetPriority
 .text.HAL_NVIC_EnableIRQ
                0x08002034       0x1c build/stm32f1xx_hal_cortex.o
                0x08002034                HAL_NVIC_EnableIRQ
 .text.HAL_SYSTICK_Config
                0x08002050       0x28 build/stm32f1xx_hal_cortex.o
                0x08002050                HAL_SYSTICK_Config
 .text.I2C_Flush_DR
                0x08002078       0x10 build/stm32f1xx_hal_i2c.o
 .text.I2C_Master_SB
                0x08002088       0xa8 build/stm32f1xx_hal_i2c.o
 .text.I2C_Master_ADD10
                0x08002130       0x2a build/stm32f1xx_hal_i2c.o
 .text.I2C_Master_ADDR
                0x0800215a      0x216 build/stm32f1xx_hal_i2c.o
 .text.I2C_SlaveTransmit_BTF
                0x08002370       0x20 build/stm32f1xx_hal_i2c.o
 .text.I2C_SlaveReceive_BTF
                0x08002390       0x20 build/stm32f1xx_hal_i2c.o
 .text.I2C_WaitOnSTOPRequestThroughIT
                0x080023b0       0x48 build/stm32f1xx_hal_i2c.o
 .text.I2C_IsAcknowledgeFailed
                0x080023f8       0x32 build/stm32f1xx_hal_i2c.o
 .text.I2C_ConvertOtherXferOptions
                0x0800242a       0x1e build/stm32f1xx_hal_i2c.o
 .text.I2C_WaitOnFlagUntilTimeout
                0x08002448       0xaa build/stm32f1xx_hal_i2c.o
 .text.I2C_WaitOnMasterAddressFlagUntilTimeout
                0x080024f2       0xd6 build/stm32f1xx_hal_i2c.o
 .text.I2C_WaitOnTXEFlagUntilTimeout
                0x080025c8       0x5e build/stm32f1xx_hal_i2c.o
 *fill*         0x08002626        0x2 
 .text.I2C_RequestMemoryWrite
                0x08002628       0xd8 build/stm32f1xx_hal_i2c.o
 .text.I2C_WaitOnBTFFlagUntilTimeout
                0x08002700       0x5e build/stm32f1xx_hal_i2c.o
 *fill*         0x0800275e        0x2 
 .text.HAL_I2C_Init
                0x08002760      0x1bc build/stm32f1xx_hal_i2c.o
                0x08002760                HAL_I2C_Init
 .text.HAL_I2C_Mem_Write
                0x0800291c      0x164 build/stm32f1xx_hal_i2c.o
                0x0800291c                HAL_I2C_Mem_Write
 .text.HAL_I2C_MasterTxCpltCallback
                0x08002a80        0x2 build/stm32f1xx_hal_i2c.o
                0x08002a80                HAL_I2C_MasterTxCpltCallback
 .text.HAL_I2C_MasterRxCpltCallback
                0x08002a82        0x2 build/stm32f1xx_hal_i2c.o
                0x08002a82                HAL_I2C_MasterRxCpltCallback
 .text.HAL_I2C_SlaveTxCpltCallback
                0x08002a84        0x2 build/stm32f1xx_hal_i2c.o
                0x08002a84                HAL_I2C_SlaveTxCpltCallback
 .text.I2C_SlaveTransmit_TXE
                0x08002a86       0x4c build/stm32f1xx_hal_i2c.o
 .text.HAL_I2C_SlaveRxCpltCallback
                0x08002ad2        0x2 build/stm32f1xx_hal_i2c.o
                0x08002ad2                HAL_I2C_SlaveRxCpltCallback
 .text.I2C_SlaveReceive_RXNE
                0x08002ad4       0x4c build/stm32f1xx_hal_i2c.o
 .text.HAL_I2C_AddrCallback
                0x08002b20        0x2 build/stm32f1xx_hal_i2c.o
                0x08002b20                HAL_I2C_AddrCallback
 .text.I2C_Slave_ADDR
                0x08002b22       0x5a build/stm32f1xx_hal_i2c.o
 .text.HAL_I2C_ListenCpltCallback
                0x08002b7c        0x2 build/stm32f1xx_hal_i2c.o
                0x08002b7c                HAL_I2C_ListenCpltCallback
 *fill*         0x08002b7e        0x2 
 .text.I2C_Slave_AF
                0x08002b80       0xa0 build/stm32f1xx_hal_i2c.o
 .text.HAL_I2C_MemTxCpltCallback
                0x08002c20        0x2 build/stm32f1xx_hal_i2c.o
                0x08002c20                HAL_I2C_MemTxCpltCallback
 .text.I2C_MasterTransmit_BTF
                0x08002c22       0x9e build/stm32f1xx_hal_i2c.o
 .text.I2C_MemoryTransmit_TXE_BTF
                0x08002cc0       0xc4 build/stm32f1xx_hal_i2c.o
 .text.I2C_MasterTransmit_TXE
                0x08002d84       0xd0 build/stm32f1xx_hal_i2c.o
 .text.HAL_I2C_MemRxCpltCallback
                0x08002e54        0x2 build/stm32f1xx_hal_i2c.o
                0x08002e54                HAL_I2C_MemRxCpltCallback
 .text.I2C_MasterReceive_BTF
                0x08002e56      0x128 build/stm32f1xx_hal_i2c.o
 .text.HAL_I2C_ErrorCallback
                0x08002f7e        0x2 build/stm32f1xx_hal_i2c.o
                0x08002f7e                HAL_I2C_ErrorCallback
 .text.I2C_MasterReceive_RXNE
                0x08002f80       0xf6 build/stm32f1xx_hal_i2c.o
 .text.HAL_I2C_AbortCpltCallback
                0x08003076        0x2 build/stm32f1xx_hal_i2c.o
                0x08003076                HAL_I2C_AbortCpltCallback
 .text.I2C_DMAAbort
                0x08003078       0xe4 build/stm32f1xx_hal_i2c.o
 .text.I2C_ITError
                0x0800315c      0x178 build/stm32f1xx_hal_i2c.o
 .text.I2C_Slave_STOPF
                0x080032d4      0x18c build/stm32f1xx_hal_i2c.o
 .text.HAL_I2C_EV_IRQHandler
                0x08003460      0x1a0 build/stm32f1xx_hal_i2c.o
                0x08003460                HAL_I2C_EV_IRQHandler
 .text.HAL_I2C_ER_IRQHandler
                0x08003600       0xce build/stm32f1xx_hal_i2c.o
                0x08003600                HAL_I2C_ER_IRQHandler
 .text.SystemInit
                0x080036ce        0x2 build/system_stm32f1xx.o
                0x080036ce                SystemInit
 .text.ssd1306_WriteCommand
                0x080036d0       0x2c build/ssd1306.o
                0x080036d0                ssd1306_WriteCommand
 .text.ssd1306_WriteData
                0x080036fc       0x28 build/ssd1306.o
                0x080036fc                ssd1306_WriteData
 .text.ssd1306_Fill
                0x08003724       0x20 build/ssd1306.o
                0x08003724                ssd1306_Fill
 .text.ssd1306_UpdateScreen
                0x08003744       0x38 build/ssd1306.o
                0x08003744                ssd1306_UpdateScreen
 .text.ssd1306_DrawPixel
                0x0800377c       0x44 build/ssd1306.o
                0x0800377c                ssd1306_DrawPixel
 .text.ssd1306_WriteChar
                0x080037c0       0xb0 build/ssd1306.o
                0x080037c0                ssd1306_WriteChar
 .text.ssd1306_WriteString
                0x08003870       0x2e build/ssd1306.o
                0x08003870                ssd1306_WriteString
 *fill*         0x0800389e        0x2 
 .text.ssd1306_SetCursor
                0x080038a0        0xc build/ssd1306.o
                0x080038a0                ssd1306_SetCursor
 .text.ssd1306_Line
                0x080038ac       0x8e build/ssd1306.o
                0x080038ac                ssd1306_Line
 .text.ssd1306_DrawRectangle
                0x0800393a       0x52 build/ssd1306.o
                0x0800393a                ssd1306_DrawRectangle
 .text.ssd1306_SetContrast
                0x0800398c       0x12 build/ssd1306.o
                0x0800398c                ssd1306_SetContrast
 *fill*         0x0800399e        0x2 
 .text.ssd1306_SetDisplayOn
                0x080039a0       0x20 build/ssd1306.o
                0x080039a0                ssd1306_SetDisplayOn
 .text.ssd1306_Init
                0x080039c0       0xc8 build/ssd1306.o
                0x080039c0                ssd1306_Init
 .text.Reset_Handler
                0x08003a88       0x48 build/startup_stm32f103xb.o
                0x08003a88                Reset_Handler
 .text.Default_Handler
                0x08003ad0        0x2 build/startup_stm32f103xb.o
                0x08003ad0                RTC_Alarm_IRQHandler
                0x08003ad0                EXTI2_IRQHandler
                0x08003ad0                TIM1_CC_IRQHandler
                0x08003ad0                PVD_IRQHandler
                0x08003ad0                EXTI3_IRQHandler
                0x08003ad0                EXTI0_IRQHandler
                0x08003ad0                I2C2_EV_IRQHandler
                0x08003ad0                SPI1_IRQHandler
                0x08003ad0                TAMPER_IRQHandler
                0x08003ad0                DMA1_Channel4_IRQHandler
                0x08003ad0                USART3_IRQHandler
                0x08003ad0                RTC_IRQHandler
                0x08003ad0                DMA1_Channel7_IRQHandler
                0x08003ad0                CAN1_RX1_IRQHandler
                0x08003ad0                TIM4_IRQHandler
                0x08003ad0                DMA1_Channel6_IRQHandler
                0x08003ad0                TIM3_IRQHandler
                0x08003ad0                RCC_IRQHandler
                0x08003ad0                TIM1_TRG_COM_IRQHandler
                0x08003ad0                DMA1_Channel1_IRQHandler
                0x08003ad0                Default_Handler
                0x08003ad0                EXTI15_10_IRQHandler
                0x08003ad0                SPI2_IRQHandler
                0x08003ad0                DMA1_Channel5_IRQHandler
                0x08003ad0                EXTI4_IRQHandler
                0x08003ad0                USB_LP_CAN1_RX0_IRQHandler
                0x08003ad0                USB_HP_CAN1_TX_IRQHandler
                0x08003ad0                DMA1_Channel3_IRQHandler
                0x08003ad0                TIM1_UP_IRQHandler
                0x08003ad0                WWDG_IRQHandler
                0x08003ad0                TIM2_IRQHandler
                0x08003ad0                TIM1_BRK_IRQHandler
                0x08003ad0                EXTI1_IRQHandler
                0x08003ad0                USART2_IRQHandler
                0x08003ad0                I2C2_ER_IRQHandler
                0x08003ad0                DMA1_Channel2_IRQHandler
                0x08003ad0                CAN1_SCE_IRQHandler
                0x08003ad0                FLASH_IRQHandler
                0x08003ad0                USART1_IRQHandler
                0x08003ad0                USBWakeUp_IRQHandler
 *fill*         0x08003ad2        0x2 
 .text.__libc_init_array
                0x08003ad4       0x48 e:/project/program/vscode/tools/gcc-arm-none-eabi-10.3-2021.10/bin/../lib/gcc/arm-none-eabi/10.3.1/../../../../arm-none-eabi/lib/thumb/v7-m/nofp\libc_nano.a(lib_a-init.o)
                0x08003ad4                __libc_init_array
 .text.memcpy   0x08003b1c       0x1c e:/project/program/vscode/tools/gcc-arm-none-eabi-10.3-2021.10/bin/../lib/gcc/arm-none-eabi/10.3.1/../../../../arm-none-eabi/lib/thumb/v7-m/nofp\libc_nano.a(lib_a-memcpy-stub.o)
                0x08003b1c                memcpy
 .text.memset   0x08003b38       0x10 e:/project/program/vscode/tools/gcc-arm-none-eabi-10.3-2021.10/bin/../lib/gcc/arm-none-eabi/10.3.1/../../../../arm-none-eabi/lib/thumb/v7-m/nofp\libc_nano.a(lib_a-memset.o)
                0x08003b38                memset
 .text.sprintf  0x08003b48       0x40 e:/project/program/vscode/tools/gcc-arm-none-eabi-10.3-2021.10/bin/../lib/gcc/arm-none-eabi/10.3.1/../../../../arm-none-eabi/lib/thumb/v7-m/nofp\libc_nano.a(lib_a-sprintf.o)
                0x08003b48                siprintf
                0x08003b48                sprintf
 .text.__ssputs_r
                0x08003b88       0xb6 e:/project/program/vscode/tools/gcc-arm-none-eabi-10.3-2021.10/bin/../lib/gcc/arm-none-eabi/10.3.1/../../../../arm-none-eabi/lib/thumb/v7-m/nofp\libc_nano.a(lib_a-nano-svfprintf.o)
                0x08003b88                __ssputs_r
 *fill*         0x08003c3e        0x2 
 .text._svfprintf_r
                0x08003c40      0x200 e:/project/program/vscode/tools/gcc-arm-none-eabi-10.3-2021.10/bin/../lib/gcc/arm-none-eabi/10.3.1/../../../../arm-none-eabi/lib/thumb/v7-m/nofp\libc_nano.a(lib_a-nano-svfprintf.o)
                0x08003c40                _svfiprintf_r
                0x08003c40                _svfprintf_r
 .text._printf_common
                0x08003e40       0xde e:/project/program/vscode/tools/gcc-arm-none-eabi-10.3-2021.10/bin/../lib/gcc/arm-none-eabi/10.3.1/../../../../arm-none-eabi/lib/thumb/v7-m/nofp\libc_nano.a(lib_a-nano-vfprintf_i.o)
                0x08003e40                _printf_common
 *fill*         0x08003f1e        0x2 
 .text._printf_i
                0x08003f20      0x24c e:/project/program/vscode/tools/gcc-arm-none-eabi-10.3-2021.10/bin/../lib/gcc/arm-none-eabi/10.3.1/../../../../arm-none-eabi/lib/thumb/v7-m/nofp\libc_nano.a(lib_a-nano-vfprintf_i.o)
                0x08003f20                _printf_i
 .text.memchr   0x0800416c       0x1c e:/project/program/vscode/tools/gcc-arm-none-eabi-10.3-2021.10/bin/../lib/gcc/arm-none-eabi/10.3.1/../../../../arm-none-eabi/lib/thumb/v7-m/nofp\libc_nano.a(lib_a-memchr-stub.o)
                0x0800416c                memchr
 .text.memmove  0x08004188       0x34 e:/project/program/vscode/tools/gcc-arm-none-eabi-10.3-2021.10/bin/../lib/gcc/arm-none-eabi/10.3.1/../../../../arm-none-eabi/lib/thumb/v7-m/nofp\libc_nano.a(lib_a-memmove.o)
                0x08004188                memmove
 .text._free_r  0x080041bc       0x90 e:/project/program/vscode/tools/gcc-arm-none-eabi-10.3-2021.10/bin/../lib/gcc/arm-none-eabi/10.3.1/../../../../arm-none-eabi/lib/thumb/v7-m/nofp\libc_nano.a(lib_a-nano-freer.o)
                0x080041bc                _free_r
 .text.sbrk_aligned
                0x0800424c       0x40 e:/project/program/vscode/tools/gcc-arm-none-eabi-10.3-2021.10/bin/../lib/gcc/arm-none-eabi/10.3.1/../../../../arm-none-eabi/lib/thumb/v7-m/nofp\libc_nano.a(lib_a-nano-mallocr.o)
 .text._malloc_r
                0x0800428c       0xe8 e:/project/program/vscode/tools/gcc-arm-none-eabi-10.3-2021.10/bin/../lib/gcc/arm-none-eabi/10.3.1/../../../../arm-none-eabi/lib/thumb/v7-m/nofp\libc_nano.a(lib_a-nano-mallocr.o)
                0x0800428c                _malloc_r
 .text._realloc_r
                0x08004374       0x5e e:/project/program/vscode/tools/gcc-arm-none-eabi-10.3-2021.10/bin/../lib/gcc/arm-none-eabi/10.3.1/../../../../arm-none-eabi/lib/thumb/v7-m/nofp\libc_nano.a(lib_a-nano-reallocr.o)
                0x08004374                _realloc_r
 *fill*         0x080043d2        0x2 
 .text._sbrk_r  0x080043d4       0x20 e:/project/program/vscode/tools/gcc-arm-none-eabi-10.3-2021.10/bin/../lib/gcc/arm-none-eabi/10.3.1/../../../../arm-none-eabi/lib/thumb/v7-m/nofp\libc_nano.a(lib_a-sbrkr.o)
                0x080043d4                _sbrk_r
 .text.__malloc_lock
                0x080043f4        0xc e:/project/program/vscode/tools/gcc-arm-none-eabi-10.3-2021.10/bin/../lib/gcc/arm-none-eabi/10.3.1/../../../../arm-none-eabi/lib/thumb/v7-m/nofp\libc_nano.a(lib_a-mlock.o)
                0x080043f4                __malloc_lock
 .text.__malloc_unlock
                0x08004400        0xc e:/project/program/vscode/tools/gcc-arm-none-eabi-10.3-2021.10/bin/../lib/gcc/arm-none-eabi/10.3.1/../../../../arm-none-eabi/lib/thumb/v7-m/nofp\libc_nano.a(lib_a-mlock.o)
                0x08004400                __malloc_unlock
 .text._malloc_usable_size_r
                0x0800440c       0x10 e:/project/program/vscode/tools/gcc-arm-none-eabi-10.3-2021.10/bin/../lib/gcc/arm-none-eabi/10.3.1/../../../../arm-none-eabi/lib/thumb/v7-m/nofp\libc_nano.a(lib_a-nano-msizer.o)
                0x0800440c                _malloc_usable_size_r
 .text.__retarget_lock_acquire_recursive
                0x0800441c        0x2 e:/project/program/vscode/tools/gcc-arm-none-eabi-10.3-2021.10/bin/../lib/gcc/arm-none-eabi/10.3.1/../../../../arm-none-eabi/lib/thumb/v7-m/nofp\libc_nano.a(lib_a-lock.o)
                0x0800441c                __retarget_lock_acquire_recursive
 .text.__retarget_lock_release_recursive
                0x0800441e        0x2 e:/project/program/vscode/tools/gcc-arm-none-eabi-10.3-2021.10/bin/../lib/gcc/arm-none-eabi/10.3.1/../../../../arm-none-eabi/lib/thumb/v7-m/nofp\libc_nano.a(lib_a-lock.o)
                0x0800441e                __retarget_lock_release_recursive
 .text._sbrk    0x08004420       0x1c e:/project/program/vscode/tools/gcc-arm-none-eabi-10.3-2021.10/bin/../lib/gcc/arm-none-eabi/10.3.1/../../../../arm-none-eabi/lib/thumb/v7-m/nofp\libnosys.a(sbrk.o)
                0x08004420                _sbrk
 *(.glue_7)
 .glue_7        0x0800443c        0x0 linker stubs
 *(.glue_7t)
 .glue_7t       0x0800443c        0x0 linker stubs
 *(.eh_frame)
 .eh_frame      0x0800443c        0x0 e:/project/program/vscode/tools/gcc-arm-none-eabi-10.3-2021.10/bin/../lib/gcc/arm-none-eabi/10.3.1/thumb/v7-m/nofp/crtbegin.o
 *(.init)
 .init          0x0800443c        0x4 e:/project/program/vscode/tools/gcc-arm-none-eabi-10.3-2021.10/bin/../lib/gcc/arm-none-eabi/10.3.1/thumb/v7-m/nofp/crti.o
                0x0800443c                _init
 .init          0x08004440        0x8 e:/project/program/vscode/tools/gcc-arm-none-eabi-10.3-2021.10/bin/../lib/gcc/arm-none-eabi/10.3.1/thumb/v7-m/nofp/crtn.o
 *(.fini)
 .fini          0x08004448        0x4 e:/project/program/vscode/tools/gcc-arm-none-eabi-10.3-2021.10/bin/../lib/gcc/arm-none-eabi/10.3.1/thumb/v7-m/nofp/crti.o
                0x08004448                _fini
 .fini          0x0800444c        0x8 e:/project/program/vscode/tools/gcc-arm-none-eabi-10.3-2021.10/bin/../lib/gcc/arm-none-eabi/10.3.1/thumb/v7-m/nofp/crtn.o
                0x08004454                . = ALIGN (0x4)
                0x08004454                _etext = .

.vfp11_veneer   0x08004454        0x0
 .vfp11_veneer  0x08004454        0x0 linker stubs

.v4_bx          0x08004454        0x0
 .v4_bx         0x08004454        0x0 linker stubs

.iplt           0x08004454        0x0
 .iplt          0x08004454        0x0 e:/project/program/vscode/tools/gcc-arm-none-eabi-10.3-2021.10/bin/../lib/gcc/arm-none-eabi/10.3.1/thumb/v7-m/nofp/crtbegin.o

.rodata         0x08004454      0x694
                0x08004454                . = ALIGN (0x4)
 *(.rodata)
 *(.rodata*)
 .rodata.HAL_GPIO_EXTI_Callback.str1.4
                0x08004454        0xe build/main.o
 *fill*         0x08004462        0x2 
 .rodata.main.str1.4
                0x08004464       0x34 build/main.o
 .rodata.aPLLMULFactorTable.1
                0x08004498       0x10 build/stm32f1xx_hal_rcc.o
 .rodata.aPredivFactorTable.0
                0x080044a8        0x2 build/stm32f1xx_hal_rcc.o
 *fill*         0x080044aa        0x2 
 .rodata.AHBPrescTable
                0x080044ac       0x10 build/system_stm32f1xx.o
                0x080044ac                AHBPrescTable
 .rodata.APBPrescTable
                0x080044bc        0x8 build/system_stm32f1xx.o
                0x080044bc                APBPrescTable
 .rodata.Font6x8
                0x080044c4      0x5f0 build/ssd1306_fonts.o
 .rodata._svfprintf_r.str1.1
                0x08004ab4       0x11 e:/project/program/vscode/tools/gcc-arm-none-eabi-10.3-2021.10/bin/../lib/gcc/arm-none-eabi/10.3.1/../../../../arm-none-eabi/lib/thumb/v7-m/nofp\libc_nano.a(lib_a-nano-svfprintf.o)
 .rodata._printf_i.str1.1
                0x08004ac5       0x22 e:/project/program/vscode/tools/gcc-arm-none-eabi-10.3-2021.10/bin/../lib/gcc/arm-none-eabi/10.3.1/../../../../arm-none-eabi/lib/thumb/v7-m/nofp\libc_nano.a(lib_a-nano-vfprintf_i.o)
                0x08004ae8                . = ALIGN (0x4)
 *fill*         0x08004ae7        0x1 

.rel.dyn        0x08004ae8        0x0
 .rel.iplt      0x08004ae8        0x0 e:/project/program/vscode/tools/gcc-arm-none-eabi-10.3-2021.10/bin/../lib/gcc/arm-none-eabi/10.3.1/thumb/v7-m/nofp/crtbegin.o

.ARM.extab
 *(.ARM.extab* .gnu.linkonce.armextab.*)

.ARM            0x08004ae8        0x0
                0x08004ae8                __exidx_start = .
 *(.ARM.exidx*)
                0x08004ae8                __exidx_end = .

.preinit_array  0x08004ae8        0x0
                0x08004ae8                PROVIDE (__preinit_array_start = .)
 *(.preinit_array*)
                0x08004ae8                PROVIDE (__preinit_array_end = .)

.init_array     0x08004ae8        0x4
                0x08004ae8                PROVIDE (__init_array_start = .)
 *(SORT_BY_NAME(.init_array.*))
 *(.init_array*)
 .init_array    0x08004ae8        0x4 e:/project/program/vscode/tools/gcc-arm-none-eabi-10.3-2021.10/bin/../lib/gcc/arm-none-eabi/10.3.1/thumb/v7-m/nofp/crtbegin.o
                0x08004aec                PROVIDE (__init_array_end = .)

.fini_array     0x08004aec        0x4
                [!provide]                PROVIDE (__fini_array_start = .)
 *(SORT_BY_NAME(.fini_array.*))
 *(.fini_array*)
 .fini_array    0x08004aec        0x4 e:/project/program/vscode/tools/gcc-arm-none-eabi-10.3-2021.10/bin/../lib/gcc/arm-none-eabi/10.3.1/thumb/v7-m/nofp/crtbegin.o
                [!provide]                PROVIDE (__fini_array_end = .)
                0x08004af0                _sidata = LOADADDR (.data)

.data           0x20000000       0x7c load address 0x08004af0
                0x20000000                . = ALIGN (0x4)
                0x20000000                _sdata = .
 *(.data)
 *(.data*)
 .data.max_presssure
                0x20000000        0x4 build/main.o
                0x20000000                max_presssure
 .data.uwTickFreq
                0x20000004        0x1 build/stm32f1xx_hal.o
                0x20000004                uwTickFreq
 *fill*         0x20000005        0x3 
 .data.uwTickPrio
                0x20000008        0x4 build/stm32f1xx_hal.o
                0x20000008                uwTickPrio
 .data.SystemCoreClock
                0x2000000c        0x4 build/system_stm32f1xx.o
                0x2000000c                SystemCoreClock
 .data.Font_6x8
                0x20000010        0x8 build/ssd1306_fonts.o
                0x20000010                Font_6x8
 .data._impure_ptr
                0x20000018        0x4 e:/project/program/vscode/tools/gcc-arm-none-eabi-10.3-2021.10/bin/../lib/gcc/arm-none-eabi/10.3.1/../../../../arm-none-eabi/lib/thumb/v7-m/nofp\libc_nano.a(lib_a-impure.o)
                0x20000018                _impure_ptr
 .data.impure_data
                0x2000001c       0x60 e:/project/program/vscode/tools/gcc-arm-none-eabi-10.3-2021.10/bin/../lib/gcc/arm-none-eabi/10.3.1/../../../../arm-none-eabi/lib/thumb/v7-m/nofp\libc_nano.a(lib_a-impure.o)
                0x2000007c                . = ALIGN (0x4)
                0x2000007c                _edata = .

.igot.plt       0x2000007c        0x0 load address 0x08004b6c
 .igot.plt      0x2000007c        0x0 e:/project/program/vscode/tools/gcc-arm-none-eabi-10.3-2021.10/bin/../lib/gcc/arm-none-eabi/10.3.1/thumb/v7-m/nofp/crtbegin.o
                0x2000007c                . = ALIGN (0x4)

.bss            0x2000007c      0x2e0 load address 0x08004b6c
                0x2000007c                _sbss = .
                0x2000007c                __bss_start__ = _sbss
 *(.bss)
 .bss           0x2000007c       0x1c e:/project/program/vscode/tools/gcc-arm-none-eabi-10.3-2021.10/bin/../lib/gcc/arm-none-eabi/10.3.1/thumb/v7-m/nofp/crtbegin.o
 *(.bss*)
 .bss.adc       0x20000098        0x4 build/main.o
                0x20000098                adc
 .bss.currentMillis
                0x2000009c        0x4 build/main.o
                0x2000009c                currentMillis
 .bss.diastolic
                0x200000a0        0x4 build/main.o
                0x200000a0                diastolic
 .bss.hadc1     0x200000a4       0x30 build/main.o
                0x200000a4                hadc1
 .bss.hi2c1     0x200000d4       0x54 build/main.o
                0x200000d4                hi2c1
 .bss.mode      0x20000128        0x1 build/main.o
                0x20000128                mode
 *fill*         0x20000129        0x3 
 .bss.pre_pressure
                0x2000012c        0x4 build/main.o
                0x2000012c                pre_pressure
 .bss.pressure  0x20000130        0x4 build/main.o
                0x20000130                pressure
 .bss.previousMillis
                0x20000134        0x4 build/main.o
                0x20000134                previousMillis
 .bss.systolic  0x20000138        0x4 build/main.o
                0x20000138                systolic
 .bss.uwTick    0x2000013c        0x4 build/stm32f1xx_hal.o
                0x2000013c                uwTick
 .bss.SSD1306   0x20000140        0x6 build/ssd1306.o
 *fill*         0x20000146        0x2 
 .bss.SSD1306_Buffer
                0x20000148      0x200 build/ssd1306.o
 .bss.__malloc_free_list
                0x20000348        0x4 e:/project/program/vscode/tools/gcc-arm-none-eabi-10.3-2021.10/bin/../lib/gcc/arm-none-eabi/10.3.1/../../../../arm-none-eabi/lib/thumb/v7-m/nofp\libc_nano.a(lib_a-nano-mallocr.o)
                0x20000348                __malloc_free_list
 .bss.__malloc_sbrk_start
                0x2000034c        0x4 e:/project/program/vscode/tools/gcc-arm-none-eabi-10.3-2021.10/bin/../lib/gcc/arm-none-eabi/10.3.1/../../../../arm-none-eabi/lib/thumb/v7-m/nofp\libc_nano.a(lib_a-nano-mallocr.o)
                0x2000034c                __malloc_sbrk_start
 .bss.errno     0x20000350        0x4 e:/project/program/vscode/tools/gcc-arm-none-eabi-10.3-2021.10/bin/../lib/gcc/arm-none-eabi/10.3.1/../../../../arm-none-eabi/lib/thumb/v7-m/nofp\libc_nano.a(lib_a-reent.o)
                0x20000350                errno
 .bss.__lock___malloc_recursive_mutex
                0x20000354        0x1 e:/project/program/vscode/tools/gcc-arm-none-eabi-10.3-2021.10/bin/../lib/gcc/arm-none-eabi/10.3.1/../../../../arm-none-eabi/lib/thumb/v7-m/nofp\libc_nano.a(lib_a-lock.o)
                0x20000354                __lock___malloc_recursive_mutex
 *fill*         0x20000355        0x3 
 .bss.heap_end.0
                0x20000358        0x4 e:/project/program/vscode/tools/gcc-arm-none-eabi-10.3-2021.10/bin/../lib/gcc/arm-none-eabi/10.3.1/../../../../arm-none-eabi/lib/thumb/v7-m/nofp\libnosys.a(sbrk.o)
 *(COMMON)
                0x2000035c                . = ALIGN (0x4)
                0x2000035c                _ebss = .
                0x2000035c                __bss_end__ = _ebss

._user_heap_stack
                0x2000035c      0x604 load address 0x08004b6c
                0x20000360                . = ALIGN (0x8)
 *fill*         0x2000035c        0x4 
                0x20000360                PROVIDE (end = .)
                [!provide]                PROVIDE (_end = .)
                0x20000560                . = (. + _Min_Heap_Size)
 *fill*         0x20000360      0x200 
                0x20000960                . = (. + _Min_Stack_Size)
 *fill*         0x20000560      0x400 
                0x20000960                . = ALIGN (0x8)

/DISCARD/
 libc.a(*)
 libm.a(*)
 libgcc.a(*)

.ARM.attributes
                0x00000000       0x29
 *(.ARM.attributes)
 .ARM.attributes
                0x00000000       0x1d e:/project/program/vscode/tools/gcc-arm-none-eabi-10.3-2021.10/bin/../lib/gcc/arm-none-eabi/10.3.1/thumb/v7-m/nofp/crti.o
 .ARM.attributes
                0x0000001d       0x2d e:/project/program/vscode/tools/gcc-arm-none-eabi-10.3-2021.10/bin/../lib/gcc/arm-none-eabi/10.3.1/thumb/v7-m/nofp/crtbegin.o
 .ARM.attributes
                0x0000004a       0x2d build/main.o
 .ARM.attributes
                0x00000077       0x2d build/stm32f1xx_it.o
 .ARM.attributes
                0x000000a4       0x2d build/stm32f1xx_hal_msp.o
 .ARM.attributes
                0x000000d1       0x2d build/stm32f1xx_hal_adc.o
 .ARM.attributes
                0x000000fe       0x2d build/stm32f1xx_hal_adc_ex.o
 .ARM.attributes
                0x0000012b       0x2d build/stm32f1xx_hal.o
 .ARM.attributes
                0x00000158       0x2d build/stm32f1xx_hal_rcc.o
 .ARM.attributes
                0x00000185       0x2d build/stm32f1xx_hal_rcc_ex.o
 .ARM.attributes
                0x000001b2       0x2d build/stm32f1xx_hal_gpio.o
 .ARM.attributes
                0x000001df       0x2d build/stm32f1xx_hal_dma.o
 .ARM.attributes
                0x0000020c       0x2d build/stm32f1xx_hal_cortex.o
 .ARM.attributes
                0x00000239       0x2d build/stm32f1xx_hal_i2c.o
 .ARM.attributes
                0x00000266       0x2d build/system_stm32f1xx.o
 .ARM.attributes
                0x00000293       0x2d build/ssd1306_fonts.o
 .ARM.attributes
                0x000002c0       0x2d build/ssd1306.o
 .ARM.attributes
                0x000002ed       0x21 build/startup_stm32f103xb.o
 .ARM.attributes
                0x0000030e       0x2d e:/project/program/vscode/tools/gcc-arm-none-eabi-10.3-2021.10/bin/../lib/gcc/arm-none-eabi/10.3.1/../../../../arm-none-eabi/lib/thumb/v7-m/nofp\libc_nano.a(lib_a-impure.o)
 .ARM.attributes
                0x0000033b       0x2d e:/project/program/vscode/tools/gcc-arm-none-eabi-10.3-2021.10/bin/../lib/gcc/arm-none-eabi/10.3.1/../../../../arm-none-eabi/lib/thumb/v7-m/nofp\libc_nano.a(lib_a-init.o)
 .ARM.attributes
                0x00000368       0x2d e:/project/program/vscode/tools/gcc-arm-none-eabi-10.3-2021.10/bin/../lib/gcc/arm-none-eabi/10.3.1/../../../../arm-none-eabi/lib/thumb/v7-m/nofp\libc_nano.a(lib_a-memcpy-stub.o)
 .ARM.attributes
                0x00000395       0x2d e:/project/program/vscode/tools/gcc-arm-none-eabi-10.3-2021.10/bin/../lib/gcc/arm-none-eabi/10.3.1/../../../../arm-none-eabi/lib/thumb/v7-m/nofp\libc_nano.a(lib_a-memset.o)
 .ARM.attributes
                0x000003c2       0x2d e:/project/program/vscode/tools/gcc-arm-none-eabi-10.3-2021.10/bin/../lib/gcc/arm-none-eabi/10.3.1/../../../../arm-none-eabi/lib/thumb/v7-m/nofp\libc_nano.a(lib_a-sprintf.o)
 .ARM.attributes
                0x000003ef       0x2d e:/project/program/vscode/tools/gcc-arm-none-eabi-10.3-2021.10/bin/../lib/gcc/arm-none-eabi/10.3.1/../../../../arm-none-eabi/lib/thumb/v7-m/nofp\libc_nano.a(lib_a-nano-svfprintf.o)
 .ARM.attributes
                0x0000041c       0x2d e:/project/program/vscode/tools/gcc-arm-none-eabi-10.3-2021.10/bin/../lib/gcc/arm-none-eabi/10.3.1/../../../../arm-none-eabi/lib/thumb/v7-m/nofp\libc_nano.a(lib_a-nano-vfprintf_i.o)
 .ARM.attributes
                0x00000449       0x2d e:/project/program/vscode/tools/gcc-arm-none-eabi-10.3-2021.10/bin/../lib/gcc/arm-none-eabi/10.3.1/../../../../arm-none-eabi/lib/thumb/v7-m/nofp\libc_nano.a(lib_a-memchr-stub.o)
 .ARM.attributes
                0x00000476       0x2d e:/project/program/vscode/tools/gcc-arm-none-eabi-10.3-2021.10/bin/../lib/gcc/arm-none-eabi/10.3.1/../../../../arm-none-eabi/lib/thumb/v7-m/nofp\libc_nano.a(lib_a-memmove.o)
 .ARM.attributes
                0x000004a3       0x2d e:/project/program/vscode/tools/gcc-arm-none-eabi-10.3-2021.10/bin/../lib/gcc/arm-none-eabi/10.3.1/../../../../arm-none-eabi/lib/thumb/v7-m/nofp\libc_nano.a(lib_a-nano-freer.o)
 .ARM.attributes
                0x000004d0       0x2d e:/project/program/vscode/tools/gcc-arm-none-eabi-10.3-2021.10/bin/../lib/gcc/arm-none-eabi/10.3.1/../../../../arm-none-eabi/lib/thumb/v7-m/nofp\libc_nano.a(lib_a-nano-mallocr.o)
 .ARM.attributes
                0x000004fd       0x2d e:/project/program/vscode/tools/gcc-arm-none-eabi-10.3-2021.10/bin/../lib/gcc/arm-none-eabi/10.3.1/../../../../arm-none-eabi/lib/thumb/v7-m/nofp\libc_nano.a(lib_a-nano-reallocr.o)
 .ARM.attributes
                0x0000052a       0x2d e:/project/program/vscode/tools/gcc-arm-none-eabi-10.3-2021.10/bin/../lib/gcc/arm-none-eabi/10.3.1/../../../../arm-none-eabi/lib/thumb/v7-m/nofp\libc_nano.a(lib_a-sbrkr.o)
 .ARM.attributes
                0x00000557       0x2d e:/project/program/vscode/tools/gcc-arm-none-eabi-10.3-2021.10/bin/../lib/gcc/arm-none-eabi/10.3.1/../../../../arm-none-eabi/lib/thumb/v7-m/nofp\libc_nano.a(lib_a-mlock.o)
 .ARM.attributes
                0x00000584       0x2d e:/project/program/vscode/tools/gcc-arm-none-eabi-10.3-2021.10/bin/../lib/gcc/arm-none-eabi/10.3.1/../../../../arm-none-eabi/lib/thumb/v7-m/nofp\libc_nano.a(lib_a-nano-msizer.o)
 .ARM.attributes
                0x000005b1       0x2d e:/project/program/vscode/tools/gcc-arm-none-eabi-10.3-2021.10/bin/../lib/gcc/arm-none-eabi/10.3.1/../../../../arm-none-eabi/lib/thumb/v7-m/nofp\libc_nano.a(lib_a-reent.o)
 .ARM.attributes
                0x000005de       0x2d e:/project/program/vscode/tools/gcc-arm-none-eabi-10.3-2021.10/bin/../lib/gcc/arm-none-eabi/10.3.1/../../../../arm-none-eabi/lib/thumb/v7-m/nofp\libc_nano.a(lib_a-lock.o)
 .ARM.attributes
                0x0000060b       0x2d e:/project/program/vscode/tools/gcc-arm-none-eabi-10.3-2021.10/bin/../lib/gcc/arm-none-eabi/10.3.1/../../../../arm-none-eabi/lib/thumb/v7-m/nofp\libnosys.a(sbrk.o)
 .ARM.attributes
                0x00000638       0x1d e:/project/program/vscode/tools/gcc-arm-none-eabi-10.3-2021.10/bin/../lib/gcc/arm-none-eabi/10.3.1/thumb/v7-m/nofp\libgcc.a(_arm_addsubdf3.o)
 .ARM.attributes
                0x00000655       0x1d e:/project/program/vscode/tools/gcc-arm-none-eabi-10.3-2021.10/bin/../lib/gcc/arm-none-eabi/10.3.1/thumb/v7-m/nofp\libgcc.a(_arm_muldivdf3.o)
 .ARM.attributes
                0x00000672       0x1d e:/project/program/vscode/tools/gcc-arm-none-eabi-10.3-2021.10/bin/../lib/gcc/arm-none-eabi/10.3.1/thumb/v7-m/nofp\libgcc.a(_arm_fixdfsi.o)
 .ARM.attributes
                0x0000068f       0x1d e:/project/program/vscode/tools/gcc-arm-none-eabi-10.3-2021.10/bin/../lib/gcc/arm-none-eabi/10.3.1/thumb/v7-m/nofp/crtn.o
OUTPUT(build/BloodPressure.elf elf32-littlearm)
LOAD linker stubs
LOAD e:/project/program/vscode/tools/gcc-arm-none-eabi-10.3-2021.10/bin/../lib/gcc/arm-none-eabi/10.3.1/../../../../arm-none-eabi/lib/thumb/v7-m/nofp\libc.a
LOAD e:/project/program/vscode/tools/gcc-arm-none-eabi-10.3-2021.10/bin/../lib/gcc/arm-none-eabi/10.3.1/../../../../arm-none-eabi/lib/thumb/v7-m/nofp\libm.a
LOAD e:/project/program/vscode/tools/gcc-arm-none-eabi-10.3-2021.10/bin/../lib/gcc/arm-none-eabi/10.3.1/thumb/v7-m/nofp\libgcc.a

.debug_info     0x00000000     0xe3b6
 .debug_info    0x00000000     0x183a build/main.o
 .debug_info    0x0000183a      0xa6d build/stm32f1xx_it.o
 .debug_info    0x000022a7      0xf38 build/stm32f1xx_hal_msp.o
 .debug_info    0x000031df     0x1054 build/stm32f1xx_hal_adc.o
 .debug_info    0x00004233      0xd19 build/stm32f1xx_hal_adc_ex.o
 .debug_info    0x00004f4c      0x855 build/stm32f1xx_hal.o
 .debug_info    0x000057a1      0xaf0 build/stm32f1xx_hal_rcc.o
 .debug_info    0x00006291      0x47f build/stm32f1xx_hal_rcc_ex.o
 .debug_info    0x00006710      0x6d7 build/stm32f1xx_hal_gpio.o
 .debug_info    0x00006de7      0x8c0 build/stm32f1xx_hal_dma.o
 .debug_info    0x000076a7      0xe2d build/stm32f1xx_hal_cortex.o
 .debug_info    0x000084d4     0x3ca0 build/stm32f1xx_hal_i2c.o
 .debug_info    0x0000c174      0x26e build/system_stm32f1xx.o
 .debug_info    0x0000c3e2      0x1fc build/ssd1306_fonts.o
 .debug_info    0x0000c5de     0x1db6 build/ssd1306.o
 .debug_info    0x0000e394       0x22 build/startup_stm32f103xb.o

.debug_abbrev   0x00000000     0x224a
 .debug_abbrev  0x00000000      0x324 build/main.o
 .debug_abbrev  0x00000324      0x1a0 build/stm32f1xx_it.o
 .debug_abbrev  0x000004c4      0x1d0 build/stm32f1xx_hal_msp.o
 .debug_abbrev  0x00000694      0x239 build/stm32f1xx_hal_adc.o
 .debug_abbrev  0x000008cd      0x26a build/stm32f1xx_hal_adc_ex.o
 .debug_abbrev  0x00000b37      0x1f7 build/stm32f1xx_hal.o
 .debug_abbrev  0x00000d2e      0x2b8 build/stm32f1xx_hal_rcc.o
 .debug_abbrev  0x00000fe6      0x1d5 build/stm32f1xx_hal_rcc_ex.o
 .debug_abbrev  0x000011bb      0x222 build/stm32f1xx_hal_gpio.o
 .debug_abbrev  0x000013dd      0x244 build/stm32f1xx_hal_dma.o
 .debug_abbrev  0x00001621      0x359 build/stm32f1xx_hal_cortex.o
 .debug_abbrev  0x0000197a      0x306 build/stm32f1xx_hal_i2c.o
 .debug_abbrev  0x00001c80      0x140 build/system_stm32f1xx.o
 .debug_abbrev  0x00001dc0       0xbb build/ssd1306_fonts.o
 .debug_abbrev  0x00001e7b      0x3bd build/ssd1306.o
 .debug_abbrev  0x00002238       0x12 build/startup_stm32f103xb.o

.debug_loc      0x00000000     0xa6e9
 .debug_loc     0x00000000      0x2bb build/main.o
 .debug_loc     0x000002bb       0xa0 build/stm32f1xx_it.o
 .debug_loc     0x0000035b      0x1f4 build/stm32f1xx_hal_msp.o
 .debug_loc     0x0000054f      0xe1b build/stm32f1xx_hal_adc.o
 .debug_loc     0x0000136a      0xa59 build/stm32f1xx_hal_adc_ex.o
 .debug_loc     0x00001dc3      0x1e1 build/stm32f1xx_hal.o
 .debug_loc     0x00001fa4      0x790 build/stm32f1xx_hal_rcc.o
 .debug_loc     0x00002734      0x495 build/stm32f1xx_hal_rcc_ex.o
 .debug_loc     0x00002bc9      0x551 build/stm32f1xx_hal_gpio.o
 .debug_loc     0x0000311a      0x901 build/stm32f1xx_hal_dma.o
 .debug_loc     0x00003a1b      0x77f build/stm32f1xx_hal_cortex.o
 .debug_loc     0x0000419a     0x4e5a build/stm32f1xx_hal_i2c.o
 .debug_loc     0x00008ff4       0xff build/system_stm32f1xx.o
 .debug_loc     0x000090f3     0x15f6 build/ssd1306.o

.debug_aranges  0x00000000      0x998
 .debug_aranges
                0x00000000       0x70 build/main.o
 .debug_aranges
                0x00000070       0x80 build/stm32f1xx_it.o
 .debug_aranges
                0x000000f0       0x40 build/stm32f1xx_hal_msp.o
 .debug_aranges
                0x00000130       0xf0 build/stm32f1xx_hal_adc.o
 .debug_aranges
                0x00000220       0x80 build/stm32f1xx_hal_adc_ex.o
 .debug_aranges
                0x000002a0       0xe0 build/stm32f1xx_hal.o
 .debug_aranges
                0x00000380       0x90 build/stm32f1xx_hal_rcc.o
 .debug_aranges
                0x00000410       0x30 build/stm32f1xx_hal_rcc_ex.o
 .debug_aranges
                0x00000440       0x58 build/stm32f1xx_hal_gpio.o
 .debug_aranges
                0x00000498       0x80 build/stm32f1xx_hal_dma.o
 .debug_aranges
                0x00000518       0x90 build/stm32f1xx_hal_cortex.o
 .debug_aranges
                0x000005a8      0x2a8 build/stm32f1xx_hal_i2c.o
 .debug_aranges
                0x00000850       0x28 build/system_stm32f1xx.o
 .debug_aranges
                0x00000878       0x18 build/ssd1306_fonts.o
 .debug_aranges
                0x00000890       0xe0 build/ssd1306.o
 .debug_aranges
                0x00000970       0x28 build/startup_stm32f103xb.o

.debug_ranges   0x00000000      0x9d8
 .debug_ranges  0x00000000       0x78 build/main.o
 .debug_ranges  0x00000078       0x70 build/stm32f1xx_it.o
 .debug_ranges  0x000000e8       0x30 build/stm32f1xx_hal_msp.o
 .debug_ranges  0x00000118       0xe0 build/stm32f1xx_hal_adc.o
 .debug_ranges  0x000001f8       0x70 build/stm32f1xx_hal_adc_ex.o
 .debug_ranges  0x00000268       0xd0 build/stm32f1xx_hal.o
 .debug_ranges  0x00000338       0xa0 build/stm32f1xx_hal_rcc.o
 .debug_ranges  0x000003d8       0x38 build/stm32f1xx_hal_rcc_ex.o
 .debug_ranges  0x00000410       0x48 build/stm32f1xx_hal_gpio.o
 .debug_ranges  0x00000458       0x70 build/stm32f1xx_hal_dma.o
 .debug_ranges  0x000004c8       0xe0 build/stm32f1xx_hal_cortex.o
 .debug_ranges  0x000005a8      0x2b0 build/stm32f1xx_hal_i2c.o
 .debug_ranges  0x00000858       0x18 build/system_stm32f1xx.o
 .debug_ranges  0x00000870      0x148 build/ssd1306.o
 .debug_ranges  0x000009b8       0x20 build/startup_stm32f103xb.o

.debug_line     0x00000000     0xbbdc
 .debug_line    0x00000000      0x75a build/main.o
 .debug_line    0x0000075a      0x371 build/stm32f1xx_it.o
 .debug_line    0x00000acb      0x34f build/stm32f1xx_hal_msp.o
 .debug_line    0x00000e1a      0xee9 build/stm32f1xx_hal_adc.o
 .debug_line    0x00001d03      0xbd1 build/stm32f1xx_hal_adc_ex.o
 .debug_line    0x000028d4      0x52a build/stm32f1xx_hal.o
 .debug_line    0x00002dfe      0xc1a build/stm32f1xx_hal_rcc.o
 .debug_line    0x00003a18      0x48f build/stm32f1xx_hal_rcc_ex.o
 .debug_line    0x00003ea7      0x5dd build/stm32f1xx_hal_gpio.o
 .debug_line    0x00004484      0xa56 build/stm32f1xx_hal_dma.o
 .debug_line    0x00004eda      0x635 build/stm32f1xx_hal_cortex.o
 .debug_line    0x0000550f     0x55ec build/stm32f1xx_hal_i2c.o
 .debug_line    0x0000aafb      0x242 build/system_stm32f1xx.o
 .debug_line    0x0000ad3d      0x126 build/ssd1306_fonts.o
 .debug_line    0x0000ae63      0xd05 build/ssd1306.o
 .debug_line    0x0000bb68       0x74 build/startup_stm32f103xb.o

.debug_str      0x00000000     0x2f4e
 .debug_str     0x00000000      0xec1 build/main.o
                                0xfc2 (size before relaxing)
 .debug_str     0x00000ec1      0x157 build/stm32f1xx_it.o
                                0x86f (size before relaxing)
 .debug_str     0x00001018       0xc4 build/stm32f1xx_hal_msp.o
                                0xb69 (size before relaxing)
 .debug_str     0x000010dc      0x31a build/stm32f1xx_hal_adc.o
                                0x8bb (size before relaxing)
 .debug_str     0x000013f6      0x28e build/stm32f1xx_hal_adc_ex.o
                                0x86d (size before relaxing)
 .debug_str     0x00001684      0x2d9 build/stm32f1xx_hal.o
                                0x805 (size before relaxing)
 .debug_str     0x0000195d      0x1fe build/stm32f1xx_hal_rcc.o
                                0x60c (size before relaxing)
 .debug_str     0x00001b5b       0x81 build/stm32f1xx_hal_rcc_ex.o
                                0x3b4 (size before relaxing)
 .debug_str     0x00001bdc       0xde build/stm32f1xx_hal_gpio.o
                                0x3e1 (size before relaxing)
 .debug_str     0x00001cba      0x218 build/stm32f1xx_hal_dma.o
                                0x5de (size before relaxing)
 .debug_str     0x00001ed2      0x39b build/stm32f1xx_hal_cortex.o
                                0x8b4 (size before relaxing)
 .debug_str     0x0000226d      0x875 build/stm32f1xx_hal_i2c.o
                                0xfa6 (size before relaxing)
 .debug_str     0x00002ae2       0x4f build/system_stm32f1xx.o
                                0x235 (size before relaxing)
 .debug_str     0x00002b31       0x61 build/ssd1306_fonts.o
                                0x1f5 (size before relaxing)
 .debug_str     0x00002b92      0x398 build/ssd1306.o
                                0xac1 (size before relaxing)
 .debug_str     0x00002f2a       0x24 build/startup_stm32f103xb.o
                                 0x54 (size before relaxing)

.comment        0x00000000       0x49
 .comment       0x00000000       0x49 build/main.o
                                 0x4a (size before relaxing)
 .comment       0x00000049       0x4a build/stm32f1xx_it.o
 .comment       0x00000049       0x4a build/stm32f1xx_hal_msp.o
 .comment       0x00000049       0x4a build/stm32f1xx_hal_adc.o
 .comment       0x00000049       0x4a build/stm32f1xx_hal_adc_ex.o
 .comment       0x00000049       0x4a build/stm32f1xx_hal.o
 .comment       0x00000049       0x4a build/stm32f1xx_hal_rcc.o
 .comment       0x00000049       0x4a build/stm32f1xx_hal_rcc_ex.o
 .comment       0x00000049       0x4a build/stm32f1xx_hal_gpio.o
 .comment       0x00000049       0x4a build/stm32f1xx_hal_dma.o
 .comment       0x00000049       0x4a build/stm32f1xx_hal_cortex.o
 .comment       0x00000049       0x4a build/stm32f1xx_hal_i2c.o
 .comment       0x00000049       0x4a build/system_stm32f1xx.o
 .comment       0x00000049       0x4a build/ssd1306_fonts.o
 .comment       0x00000049       0x4a build/ssd1306.o

.debug_frame    0x00000000     0x209c
 .debug_frame   0x00000000      0x130 build/main.o
 .debug_frame   0x00000130      0x108 build/stm32f1xx_it.o
 .debug_frame   0x00000238       0x98 build/stm32f1xx_hal_msp.o
 .debug_frame   0x000002d0      0x2c8 build/stm32f1xx_hal_adc.o
 .debug_frame   0x00000598      0x19c build/stm32f1xx_hal_adc_ex.o
 .debug_frame   0x00000734      0x1cc build/stm32f1xx_hal.o
 .debug_frame   0x00000900      0x184 build/stm32f1xx_hal_rcc.o
 .debug_frame   0x00000a84       0x5c build/stm32f1xx_hal_rcc_ex.o
 .debug_frame   0x00000ae0       0xe4 build/stm32f1xx_hal_gpio.o
 .debug_frame   0x00000bc4      0x144 build/stm32f1xx_hal_dma.o
 .debug_frame   0x00000d08      0x118 build/stm32f1xx_hal_cortex.o
 .debug_frame   0x00000e20      0x984 build/stm32f1xx_hal_i2c.o
 .debug_frame   0x000017a4       0x30 build/system_stm32f1xx.o
 .debug_frame   0x000017d4      0x320 build/ssd1306.o
 .debug_frame   0x00001af4       0x2c e:/project/program/vscode/tools/gcc-arm-none-eabi-10.3-2021.10/bin/../lib/gcc/arm-none-eabi/10.3.1/../../../../arm-none-eabi/lib/thumb/v7-m/nofp\libc_nano.a(lib_a-init.o)
 .debug_frame   0x00001b20       0x28 e:/project/program/vscode/tools/gcc-arm-none-eabi-10.3-2021.10/bin/../lib/gcc/arm-none-eabi/10.3.1/../../../../arm-none-eabi/lib/thumb/v7-m/nofp\libc_nano.a(lib_a-memcpy-stub.o)
 .debug_frame   0x00001b48       0x20 e:/project/program/vscode/tools/gcc-arm-none-eabi-10.3-2021.10/bin/../lib/gcc/arm-none-eabi/10.3.1/../../../../arm-none-eabi/lib/thumb/v7-m/nofp\libc_nano.a(lib_a-memset.o)
 .debug_frame   0x00001b68       0x6c e:/project/program/vscode/tools/gcc-arm-none-eabi-10.3-2021.10/bin/../lib/gcc/arm-none-eabi/10.3.1/../../../../arm-none-eabi/lib/thumb/v7-m/nofp\libc_nano.a(lib_a-sprintf.o)
 .debug_frame   0x00001bd4       0x90 e:/project/program/vscode/tools/gcc-arm-none-eabi-10.3-2021.10/bin/../lib/gcc/arm-none-eabi/10.3.1/../../../../arm-none-eabi/lib/thumb/v7-m/nofp\libc_nano.a(lib_a-nano-svfprintf.o)
 .debug_frame   0x00001c64       0x60 e:/project/program/vscode/tools/gcc-arm-none-eabi-10.3-2021.10/bin/../lib/gcc/arm-none-eabi/10.3.1/../../../../arm-none-eabi/lib/thumb/v7-m/nofp\libc_nano.a(lib_a-nano-vfprintf_i.o)
 .debug_frame   0x00001cc4       0x28 e:/project/program/vscode/tools/gcc-arm-none-eabi-10.3-2021.10/bin/../lib/gcc/arm-none-eabi/10.3.1/../../../../arm-none-eabi/lib/thumb/v7-m/nofp\libc_nano.a(lib_a-memchr-stub.o)
 .debug_frame   0x00001cec       0x28 e:/project/program/vscode/tools/gcc-arm-none-eabi-10.3-2021.10/bin/../lib/gcc/arm-none-eabi/10.3.1/../../../../arm-none-eabi/lib/thumb/v7-m/nofp\libc_nano.a(lib_a-memmove.o)
 .debug_frame   0x00001d14       0x38 e:/project/program/vscode/tools/gcc-arm-none-eabi-10.3-2021.10/bin/../lib/gcc/arm-none-eabi/10.3.1/../../../../arm-none-eabi/lib/thumb/v7-m/nofp\libc_nano.a(lib_a-nano-freer.o)
 .debug_frame   0x00001d4c       0x4c e:/project/program/vscode/tools/gcc-arm-none-eabi-10.3-2021.10/bin/../lib/gcc/arm-none-eabi/10.3.1/../../../../arm-none-eabi/lib/thumb/v7-m/nofp\libc_nano.a(lib_a-nano-mallocr.o)
 .debug_frame   0x00001d98       0x3c e:/project/program/vscode/tools/gcc-arm-none-eabi-10.3-2021.10/bin/../lib/gcc/arm-none-eabi/10.3.1/../../../../arm-none-eabi/lib/thumb/v7-m/nofp\libc_nano.a(lib_a-nano-reallocr.o)
 .debug_frame   0x00001dd4       0x2c e:/project/program/vscode/tools/gcc-arm-none-eabi-10.3-2021.10/bin/../lib/gcc/arm-none-eabi/10.3.1/../../../../arm-none-eabi/lib/thumb/v7-m/nofp\libc_nano.a(lib_a-sbrkr.o)
 .debug_frame   0x00001e00       0x30 e:/project/program/vscode/tools/gcc-arm-none-eabi-10.3-2021.10/bin/../lib/gcc/arm-none-eabi/10.3.1/../../../../arm-none-eabi/lib/thumb/v7-m/nofp\libc_nano.a(lib_a-mlock.o)
 .debug_frame   0x00001e30       0x20 e:/project/program/vscode/tools/gcc-arm-none-eabi-10.3-2021.10/bin/../lib/gcc/arm-none-eabi/10.3.1/../../../../arm-none-eabi/lib/thumb/v7-m/nofp\libc_nano.a(lib_a-nano-msizer.o)
 .debug_frame   0x00001e50       0x5c e:/project/program/vscode/tools/gcc-arm-none-eabi-10.3-2021.10/bin/../lib/gcc/arm-none-eabi/10.3.1/../../../../arm-none-eabi/lib/thumb/v7-m/nofp\libc_nano.a(lib_a-reent.o)
 .debug_frame   0x00001eac       0xb0 e:/project/program/vscode/tools/gcc-arm-none-eabi-10.3-2021.10/bin/../lib/gcc/arm-none-eabi/10.3.1/../../../../arm-none-eabi/lib/thumb/v7-m/nofp\libc_nano.a(lib_a-lock.o)
 .debug_frame   0x00001f5c       0x20 e:/project/program/vscode/tools/gcc-arm-none-eabi-10.3-2021.10/bin/../lib/gcc/arm-none-eabi/10.3.1/../../../../arm-none-eabi/lib/thumb/v7-m/nofp\libnosys.a(sbrk.o)
 .debug_frame   0x00001f7c       0xac e:/project/program/vscode/tools/gcc-arm-none-eabi-10.3-2021.10/bin/../lib/gcc/arm-none-eabi/10.3.1/thumb/v7-m/nofp\libgcc.a(_arm_addsubdf3.o)
 .debug_frame   0x00002028       0x50 e:/project/program/vscode/tools/gcc-arm-none-eabi-10.3-2021.10/bin/../lib/gcc/arm-none-eabi/10.3.1/thumb/v7-m/nofp\libgcc.a(_arm_muldivdf3.o)
 .debug_frame   0x00002078       0x24 e:/project/program/vscode/tools/gcc-arm-none-eabi-10.3-2021.10/bin/../lib/gcc/arm-none-eabi/10.3.1/thumb/v7-m/nofp\libgcc.a(_arm_fixdfsi.o)

Cross Reference Table

Symbol                                            File
ADC1_2_IRQHandler                                 build/stm32f1xx_it.o
ADC_ConversionStop_Disable                        build/stm32f1xx_hal_adc.o
                                                  build/stm32f1xx_hal_adc_ex.o
ADC_DMAConvCplt                                   build/stm32f1xx_hal_adc.o
                                                  build/stm32f1xx_hal_adc_ex.o
ADC_DMAError                                      build/stm32f1xx_hal_adc.o
                                                  build/stm32f1xx_hal_adc_ex.o
ADC_DMAHalfConvCplt                               build/stm32f1xx_hal_adc.o
                                                  build/stm32f1xx_hal_adc_ex.o
ADC_Enable                                        build/stm32f1xx_hal_adc.o
                                                  build/stm32f1xx_hal_adc_ex.o
AHBPrescTable                                     build/system_stm32f1xx.o
                                                  build/stm32f1xx_hal_rcc.o
APBPrescTable                                     build/system_stm32f1xx.o
                                                  build/stm32f1xx_hal_rcc.o
BusFault_Handler                                  build/stm32f1xx_it.o
CAN1_RX1_IRQHandler                               build/startup_stm32f103xb.o
CAN1_SCE_IRQHandler                               build/startup_stm32f103xb.o
DMA1_Channel1_IRQHandler                          build/startup_stm32f103xb.o
DMA1_Channel2_IRQHandler                          build/startup_stm32f103xb.o
DMA1_Channel3_IRQHandler                          build/startup_stm32f103xb.o
DMA1_Channel4_IRQHandler                          build/startup_stm32f103xb.o
DMA1_Channel5_IRQHandler                          build/startup_stm32f103xb.o
DMA1_Channel6_IRQHandler                          build/startup_stm32f103xb.o
DMA1_Channel7_IRQHandler                          build/startup_stm32f103xb.o
DebugMon_Handler                                  build/stm32f1xx_it.o
Default_Handler                                   build/startup_stm32f103xb.o
EXTI0_IRQHandler                                  build/startup_stm32f103xb.o
EXTI15_10_IRQHandler                              build/startup_stm32f103xb.o
EXTI1_IRQHandler                                  build/startup_stm32f103xb.o
EXTI2_IRQHandler                                  build/startup_stm32f103xb.o
EXTI3_IRQHandler                                  build/startup_stm32f103xb.o
EXTI4_IRQHandler                                  build/startup_stm32f103xb.o
EXTI9_5_IRQHandler                                build/stm32f1xx_it.o
Error_Handler                                     build/main.o
FLASH_IRQHandler                                  build/startup_stm32f103xb.o
FLASH_PageErase                                   build/stm32f1xx_hal_flash_ex.o
                                                  build/stm32f1xx_hal_flash.o
FLASH_WaitForLastOperation                        build/stm32f1xx_hal_flash.o
                                                  build/stm32f1xx_hal_flash_ex.o
Font_11x18                                        build/ssd1306_fonts.o
Font_16x26                                        build/ssd1306_fonts.o
Font_6x8                                          build/ssd1306_fonts.o
                                                  build/main.o
Font_7x10                                         build/ssd1306_fonts.o
HAL_ADCEx_Calibration_Start                       build/stm32f1xx_hal_adc_ex.o
HAL_ADCEx_InjectedConfigChannel                   build/stm32f1xx_hal_adc_ex.o
HAL_ADCEx_InjectedConvCpltCallback                build/stm32f1xx_hal_adc_ex.o
                                                  build/stm32f1xx_hal_adc.o
HAL_ADCEx_InjectedGetValue                        build/stm32f1xx_hal_adc_ex.o
HAL_ADCEx_InjectedPollForConversion               build/stm32f1xx_hal_adc_ex.o
HAL_ADCEx_InjectedStart                           build/stm32f1xx_hal_adc_ex.o
HAL_ADCEx_InjectedStart_IT                        build/stm32f1xx_hal_adc_ex.o
HAL_ADCEx_InjectedStop                            build/stm32f1xx_hal_adc_ex.o
HAL_ADCEx_InjectedStop_IT                         build/stm32f1xx_hal_adc_ex.o
HAL_ADCEx_MultiModeConfigChannel                  build/stm32f1xx_hal_adc_ex.o
HAL_ADCEx_MultiModeGetValue                       build/stm32f1xx_hal_adc_ex.o
HAL_ADCEx_MultiModeStart_DMA                      build/stm32f1xx_hal_adc_ex.o
HAL_ADCEx_MultiModeStop_DMA                       build/stm32f1xx_hal_adc_ex.o
HAL_ADC_AnalogWDGConfig                           build/stm32f1xx_hal_adc.o
HAL_ADC_ConfigChannel                             build/stm32f1xx_hal_adc.o
                                                  build/main.o
HAL_ADC_ConvCpltCallback                          build/main.o
HAL_ADC_ConvHalfCpltCallback                      build/stm32f1xx_hal_adc.o
HAL_ADC_DeInit                                    build/stm32f1xx_hal_adc.o
HAL_ADC_ErrorCallback                             build/stm32f1xx_hal_adc.o
HAL_ADC_GetError                                  build/stm32f1xx_hal_adc.o
HAL_ADC_GetState                                  build/stm32f1xx_hal_adc.o
HAL_ADC_GetValue                                  build/stm32f1xx_hal_adc.o
                                                  build/main.o
HAL_ADC_IRQHandler                                build/stm32f1xx_hal_adc.o
                                                  build/stm32f1xx_it.o
HAL_ADC_Init                                      build/stm32f1xx_hal_adc.o
                                                  build/main.o
HAL_ADC_LevelOutOfWindowCallback                  build/stm32f1xx_hal_adc.o
HAL_ADC_MspDeInit                                 build/stm32f1xx_hal_msp.o
HAL_ADC_MspInit                                   build/stm32f1xx_hal_msp.o
HAL_ADC_PollForConversion                         build/stm32f1xx_hal_adc.o
HAL_ADC_PollForEvent                              build/stm32f1xx_hal_adc.o
HAL_ADC_Start                                     build/stm32f1xx_hal_adc.o
HAL_ADC_Start_DMA                                 build/stm32f1xx_hal_adc.o
HAL_ADC_Start_IT                                  build/stm32f1xx_hal_adc.o
                                                  build/main.o
HAL_ADC_Stop                                      build/stm32f1xx_hal_adc.o
HAL_ADC_Stop_DMA                                  build/stm32f1xx_hal_adc.o
HAL_ADC_Stop_IT                                   build/stm32f1xx_hal_adc.o
HAL_DBGMCU_DisableDBGSleepMode                    build/stm32f1xx_hal.o
HAL_DBGMCU_DisableDBGStandbyMode                  build/stm32f1xx_hal.o
HAL_DBGMCU_DisableDBGStopMode                     build/stm32f1xx_hal.o
HAL_DBGMCU_EnableDBGSleepMode                     build/stm32f1xx_hal.o
HAL_DBGMCU_EnableDBGStandbyMode                   build/stm32f1xx_hal.o
HAL_DBGMCU_EnableDBGStopMode                      build/stm32f1xx_hal.o
HAL_DMA_Abort                                     build/stm32f1xx_hal_dma.o
                                                  build/stm32f1xx_hal_adc_ex.o
                                                  build/stm32f1xx_hal_adc.o
HAL_DMA_Abort_IT                                  build/stm32f1xx_hal_dma.o
                                                  build/stm32f1xx_hal_i2c.o
HAL_DMA_DeInit                                    build/stm32f1xx_hal_dma.o
HAL_DMA_GetError                                  build/stm32f1xx_hal_dma.o
HAL_DMA_GetState                                  build/stm32f1xx_hal_dma.o
                                                  build/stm32f1xx_hal_i2c.o
HAL_DMA_IRQHandler                                build/stm32f1xx_hal_dma.o
HAL_DMA_Init                                      build/stm32f1xx_hal_dma.o
HAL_DMA_PollForTransfer                           build/stm32f1xx_hal_dma.o
HAL_DMA_RegisterCallback                          build/stm32f1xx_hal_dma.o
HAL_DMA_Start                                     build/stm32f1xx_hal_dma.o
HAL_DMA_Start_IT                                  build/stm32f1xx_hal_dma.o
                                                  build/stm32f1xx_hal_i2c.o
                                                  build/stm32f1xx_hal_adc_ex.o
                                                  build/stm32f1xx_hal_adc.o
HAL_DMA_UnRegisterCallback                        build/stm32f1xx_hal_dma.o
HAL_DeInit                                        build/stm32f1xx_hal.o
HAL_Delay                                         build/stm32f1xx_hal.o
                                                  build/ssd1306.o
                                                  build/main.o
HAL_EXTI_ClearConfigLine                          build/stm32f1xx_hal_exti.o
HAL_EXTI_ClearPending                             build/stm32f1xx_hal_exti.o
HAL_EXTI_GenerateSWI                              build/stm32f1xx_hal_exti.o
HAL_EXTI_GetConfigLine                            build/stm32f1xx_hal_exti.o
HAL_EXTI_GetHandle                                build/stm32f1xx_hal_exti.o
HAL_EXTI_GetPending                               build/stm32f1xx_hal_exti.o
HAL_EXTI_IRQHandler                               build/stm32f1xx_hal_exti.o
HAL_EXTI_RegisterCallback                         build/stm32f1xx_hal_exti.o
HAL_EXTI_SetConfigLine                            build/stm32f1xx_hal_exti.o
HAL_FLASHEx_Erase                                 build/stm32f1xx_hal_flash_ex.o
HAL_FLASHEx_Erase_IT                              build/stm32f1xx_hal_flash_ex.o
HAL_FLASHEx_OBErase                               build/stm32f1xx_hal_flash_ex.o
HAL_FLASHEx_OBGetConfig                           build/stm32f1xx_hal_flash_ex.o
HAL_FLASHEx_OBGetUserData                         build/stm32f1xx_hal_flash_ex.o
HAL_FLASHEx_OBProgram                             build/stm32f1xx_hal_flash_ex.o
HAL_FLASH_EndOfOperationCallback                  build/stm32f1xx_hal_flash.o
HAL_FLASH_GetError                                build/stm32f1xx_hal_flash.o
HAL_FLASH_IRQHandler                              build/stm32f1xx_hal_flash.o
HAL_FLASH_Lock                                    build/stm32f1xx_hal_flash.o
HAL_FLASH_OB_Launch                               build/stm32f1xx_hal_flash.o
HAL_FLASH_OB_Lock                                 build/stm32f1xx_hal_flash.o
HAL_FLASH_OB_Unlock                               build/stm32f1xx_hal_flash.o
HAL_FLASH_OperationErrorCallback                  build/stm32f1xx_hal_flash.o
HAL_FLASH_Program                                 build/stm32f1xx_hal_flash.o
HAL_FLASH_Program_IT                              build/stm32f1xx_hal_flash.o
HAL_FLASH_Unlock                                  build/stm32f1xx_hal_flash.o
HAL_GPIOEx_ConfigEventout                         build/stm32f1xx_hal_gpio_ex.o
HAL_GPIOEx_DisableEventout                        build/stm32f1xx_hal_gpio_ex.o
HAL_GPIOEx_EnableEventout                         build/stm32f1xx_hal_gpio_ex.o
HAL_GPIO_DeInit                                   build/stm32f1xx_hal_gpio.o
                                                  build/stm32f1xx_hal_msp.o
HAL_GPIO_EXTI_Callback                            build/main.o
HAL_GPIO_EXTI_IRQHandler                          build/stm32f1xx_hal_gpio.o
                                                  build/stm32f1xx_it.o
HAL_GPIO_Init                                     build/stm32f1xx_hal_gpio.o
                                                  build/stm32f1xx_hal_rcc.o
                                                  build/stm32f1xx_hal_msp.o
                                                  build/main.o
HAL_GPIO_LockPin                                  build/stm32f1xx_hal_gpio.o
HAL_GPIO_ReadPin                                  build/stm32f1xx_hal_gpio.o
HAL_GPIO_TogglePin                                build/stm32f1xx_hal_gpio.o
HAL_GPIO_WritePin                                 build/stm32f1xx_hal_gpio.o
                                                  build/main.o
HAL_GetDEVID                                      build/stm32f1xx_hal.o
HAL_GetHalVersion                                 build/stm32f1xx_hal.o
HAL_GetREVID                                      build/stm32f1xx_hal.o
HAL_GetTick                                       build/stm32f1xx_hal.o
                                                  build/stm32f1xx_hal_i2c.o
                                                  build/stm32f1xx_hal_flash.o
                                                  build/stm32f1xx_hal_dma.o
                                                  build/stm32f1xx_hal_rcc_ex.o
                                                  build/stm32f1xx_hal_rcc.o
                                                  build/stm32f1xx_hal_adc_ex.o
                                                  build/stm32f1xx_hal_adc.o
                                                  build/main.o
HAL_GetTickFreq                                   build/stm32f1xx_hal.o
HAL_GetTickPrio                                   build/stm32f1xx_hal.o
HAL_GetUIDw0                                      build/stm32f1xx_hal.o
HAL_GetUIDw1                                      build/stm32f1xx_hal.o
HAL_GetUIDw2                                      build/stm32f1xx_hal.o
HAL_I2C_AbortCpltCallback                         build/stm32f1xx_hal_i2c.o
HAL_I2C_AddrCallback                              build/stm32f1xx_hal_i2c.o
HAL_I2C_DeInit                                    build/stm32f1xx_hal_i2c.o
HAL_I2C_DisableListen_IT                          build/stm32f1xx_hal_i2c.o
HAL_I2C_ER_IRQHandler                             build/stm32f1xx_hal_i2c.o
                                                  build/stm32f1xx_it.o
HAL_I2C_EV_IRQHandler                             build/stm32f1xx_hal_i2c.o
                                                  build/stm32f1xx_it.o
HAL_I2C_EnableListen_IT                           build/stm32f1xx_hal_i2c.o
HAL_I2C_ErrorCallback                             build/stm32f1xx_hal_i2c.o
HAL_I2C_GetError                                  build/stm32f1xx_hal_i2c.o
HAL_I2C_GetMode                                   build/stm32f1xx_hal_i2c.o
HAL_I2C_GetState                                  build/stm32f1xx_hal_i2c.o
HAL_I2C_Init                                      build/stm32f1xx_hal_i2c.o
                                                  build/main.o
HAL_I2C_IsDeviceReady                             build/stm32f1xx_hal_i2c.o
HAL_I2C_ListenCpltCallback                        build/stm32f1xx_hal_i2c.o
HAL_I2C_MasterRxCpltCallback                      build/stm32f1xx_hal_i2c.o
HAL_I2C_MasterTxCpltCallback                      build/stm32f1xx_hal_i2c.o
HAL_I2C_Master_Abort_IT                           build/stm32f1xx_hal_i2c.o
HAL_I2C_Master_Receive                            build/stm32f1xx_hal_i2c.o
HAL_I2C_Master_Receive_DMA                        build/stm32f1xx_hal_i2c.o
HAL_I2C_Master_Receive_IT                         build/stm32f1xx_hal_i2c.o
HAL_I2C_Master_Seq_Receive_DMA                    build/stm32f1xx_hal_i2c.o
HAL_I2C_Master_Seq_Receive_IT                     build/stm32f1xx_hal_i2c.o
HAL_I2C_Master_Seq_Transmit_DMA                   build/stm32f1xx_hal_i2c.o
HAL_I2C_Master_Seq_Transmit_IT                    build/stm32f1xx_hal_i2c.o
HAL_I2C_Master_Transmit                           build/stm32f1xx_hal_i2c.o
HAL_I2C_Master_Transmit_DMA                       build/stm32f1xx_hal_i2c.o
HAL_I2C_Master_Transmit_IT                        build/stm32f1xx_hal_i2c.o
HAL_I2C_MemRxCpltCallback                         build/stm32f1xx_hal_i2c.o
HAL_I2C_MemTxCpltCallback                         build/stm32f1xx_hal_i2c.o
HAL_I2C_Mem_Read                                  build/stm32f1xx_hal_i2c.o
HAL_I2C_Mem_Read_DMA                              build/stm32f1xx_hal_i2c.o
HAL_I2C_Mem_Read_IT                               build/stm32f1xx_hal_i2c.o
HAL_I2C_Mem_Write                                 build/stm32f1xx_hal_i2c.o
                                                  build/ssd1306.o
HAL_I2C_Mem_Write_DMA                             build/stm32f1xx_hal_i2c.o
HAL_I2C_Mem_Write_IT                              build/stm32f1xx_hal_i2c.o
HAL_I2C_MspDeInit                                 build/stm32f1xx_hal_msp.o
HAL_I2C_MspInit                                   build/stm32f1xx_hal_msp.o
HAL_I2C_SlaveRxCpltCallback                       build/stm32f1xx_hal_i2c.o
HAL_I2C_SlaveTxCpltCallback                       build/stm32f1xx_hal_i2c.o
HAL_I2C_Slave_Receive                             build/stm32f1xx_hal_i2c.o
HAL_I2C_Slave_Receive_DMA                         build/stm32f1xx_hal_i2c.o
HAL_I2C_Slave_Receive_IT                          build/stm32f1xx_hal_i2c.o
HAL_I2C_Slave_Seq_Receive_DMA                     build/stm32f1xx_hal_i2c.o
HAL_I2C_Slave_Seq_Receive_IT                      build/stm32f1xx_hal_i2c.o
HAL_I2C_Slave_Seq_Transmit_DMA                    build/stm32f1xx_hal_i2c.o
HAL_I2C_Slave_Seq_Transmit_IT                     build/stm32f1xx_hal_i2c.o
HAL_I2C_Slave_Transmit                            build/stm32f1xx_hal_i2c.o
HAL_I2C_Slave_Transmit_DMA                        build/stm32f1xx_hal_i2c.o
HAL_I2C_Slave_Transmit_IT                         build/stm32f1xx_hal_i2c.o
HAL_IncTick                                       build/stm32f1xx_hal.o
                                                  build/stm32f1xx_it.o
HAL_Init                                          build/stm32f1xx_hal.o
                                                  build/main.o
HAL_InitTick                                      build/stm32f1xx_hal.o
                                                  build/stm32f1xx_hal_rcc.o
HAL_MspDeInit                                     build/stm32f1xx_hal.o
HAL_MspInit                                       build/stm32f1xx_hal_msp.o
HAL_NVIC_ClearPendingIRQ                          build/stm32f1xx_hal_cortex.o
HAL_NVIC_DisableIRQ                               build/stm32f1xx_hal_cortex.o
                                                  build/stm32f1xx_hal_msp.o
HAL_NVIC_EnableIRQ                                build/stm32f1xx_hal_cortex.o
                                                  build/stm32f1xx_hal_msp.o
                                                  build/main.o
HAL_NVIC_GetActive                                build/stm32f1xx_hal_cortex.o
HAL_NVIC_GetPendingIRQ                            build/stm32f1xx_hal_cortex.o
HAL_NVIC_GetPriority                              build/stm32f1xx_hal_cortex.o
HAL_NVIC_GetPriorityGrouping                      build/stm32f1xx_hal_cortex.o
HAL_NVIC_SetPendingIRQ                            build/stm32f1xx_hal_cortex.o
HAL_NVIC_SetPriority                              build/stm32f1xx_hal_cortex.o
                                                  build/stm32f1xx_hal.o
                                                  build/stm32f1xx_hal_msp.o
                                                  build/main.o
HAL_NVIC_SetPriorityGrouping                      build/stm32f1xx_hal_cortex.o
                                                  build/stm32f1xx_hal.o
HAL_NVIC_SystemReset                              build/stm32f1xx_hal_cortex.o
                                                  build/stm32f1xx_hal_flash.o
HAL_PWR_ConfigPVD                                 build/stm32f1xx_hal_pwr.o
HAL_PWR_DeInit                                    build/stm32f1xx_hal_pwr.o
HAL_PWR_DisableBkUpAccess                         build/stm32f1xx_hal_pwr.o
HAL_PWR_DisablePVD                                build/stm32f1xx_hal_pwr.o
HAL_PWR_DisableSEVOnPend                          build/stm32f1xx_hal_pwr.o
HAL_PWR_DisableSleepOnExit                        build/stm32f1xx_hal_pwr.o
HAL_PWR_DisableWakeUpPin                          build/stm32f1xx_hal_pwr.o
HAL_PWR_EnableBkUpAccess                          build/stm32f1xx_hal_pwr.o
HAL_PWR_EnablePVD                                 build/stm32f1xx_hal_pwr.o
HAL_PWR_EnableSEVOnPend                           build/stm32f1xx_hal_pwr.o
HAL_PWR_EnableSleepOnExit                         build/stm32f1xx_hal_pwr.o
HAL_PWR_EnableWakeUpPin                           build/stm32f1xx_hal_pwr.o
HAL_PWR_EnterSLEEPMode                            build/stm32f1xx_hal_pwr.o
HAL_PWR_EnterSTANDBYMode                          build/stm32f1xx_hal_pwr.o
HAL_PWR_EnterSTOPMode                             build/stm32f1xx_hal_pwr.o
HAL_PWR_PVDCallback                               build/stm32f1xx_hal_pwr.o
HAL_PWR_PVD_IRQHandler                            build/stm32f1xx_hal_pwr.o
HAL_RCCEx_GetPeriphCLKConfig                      build/stm32f1xx_hal_rcc_ex.o
HAL_RCCEx_GetPeriphCLKFreq                        build/stm32f1xx_hal_rcc_ex.o
                                                  build/stm32f1xx_hal_adc_ex.o
                                                  build/stm32f1xx_hal_adc.o
HAL_RCCEx_PeriphCLKConfig                         build/stm32f1xx_hal_rcc_ex.o
                                                  build/main.o
HAL_RCC_CSSCallback                               build/stm32f1xx_hal_rcc.o
HAL_RCC_ClockConfig                               build/stm32f1xx_hal_rcc.o
                                                  build/main.o
HAL_RCC_DeInit                                    build/stm32f1xx_hal_rcc.o
HAL_RCC_DisableCSS                                build/stm32f1xx_hal_rcc.o
HAL_RCC_EnableCSS                                 build/stm32f1xx_hal_rcc.o
HAL_RCC_GetClockConfig                            build/stm32f1xx_hal_rcc.o
HAL_RCC_GetHCLKFreq                               build/stm32f1xx_hal_rcc.o
HAL_RCC_GetOscConfig                              build/stm32f1xx_hal_rcc.o
HAL_RCC_GetPCLK1Freq                              build/stm32f1xx_hal_rcc.o
                                                  build/stm32f1xx_hal_i2c.o
HAL_RCC_GetPCLK2Freq                              build/stm32f1xx_hal_rcc.o
                                                  build/stm32f1xx_hal_rcc_ex.o
HAL_RCC_GetSysClockFreq                           build/stm32f1xx_hal_rcc.o
HAL_RCC_MCOConfig                                 build/stm32f1xx_hal_rcc.o
HAL_RCC_NMI_IRQHandler                            build/stm32f1xx_hal_rcc.o
HAL_RCC_OscConfig                                 build/stm32f1xx_hal_rcc.o
                                                  build/main.o
HAL_ResumeTick                                    build/stm32f1xx_hal.o
HAL_SYSTICK_CLKSourceConfig                       build/stm32f1xx_hal_cortex.o
HAL_SYSTICK_Callback                              build/stm32f1xx_hal_cortex.o
HAL_SYSTICK_Config                                build/stm32f1xx_hal_cortex.o
                                                  build/stm32f1xx_hal.o
HAL_SYSTICK_IRQHandler                            build/stm32f1xx_hal_cortex.o
HAL_SetTickFreq                                   build/stm32f1xx_hal.o
HAL_SuspendTick                                   build/stm32f1xx_hal.o
HardFault_Handler                                 build/stm32f1xx_it.o
I2C1_ER_IRQHandler                                build/stm32f1xx_it.o
I2C1_EV_IRQHandler                                build/stm32f1xx_it.o
I2C2_ER_IRQHandler                                build/startup_stm32f103xb.o
I2C2_EV_IRQHandler                                build/startup_stm32f103xb.o
MemManage_Handler                                 build/stm32f1xx_it.o
NMI_Handler                                       build/stm32f1xx_it.o
PVD_IRQHandler                                    build/startup_stm32f103xb.o
PendSV_Handler                                    build/stm32f1xx_it.o
RCC_IRQHandler                                    build/startup_stm32f103xb.o
RTC_Alarm_IRQHandler                              build/startup_stm32f103xb.o
RTC_IRQHandler                                    build/startup_stm32f103xb.o
Reset_Handler                                     build/startup_stm32f103xb.o
SPI1_IRQHandler                                   build/startup_stm32f103xb.o
SPI2_IRQHandler                                   build/startup_stm32f103xb.o
SVC_Handler                                       build/stm32f1xx_it.o
SysTick_Handler                                   build/stm32f1xx_it.o
SystemClock_Config                                build/main.o
SystemCoreClock                                   build/system_stm32f1xx.o
                                                  build/stm32f1xx_hal_i2c.o
                                                  build/stm32f1xx_hal_rcc.o
                                                  build/stm32f1xx_hal.o
                                                  build/stm32f1xx_hal_adc_ex.o
                                                  build/stm32f1xx_hal_adc.o
SystemCoreClockUpdate                             build/system_stm32f1xx.o
SystemInit                                        build/system_stm32f1xx.o
                                                  build/startup_stm32f103xb.o
TAMPER_IRQHandler                                 build/startup_stm32f103xb.o
TIM1_BRK_IRQHandler                               build/startup_stm32f103xb.o
TIM1_CC_IRQHandler                                build/startup_stm32f103xb.o
TIM1_TRG_COM_IRQHandler                           build/startup_stm32f103xb.o
TIM1_UP_IRQHandler                                build/startup_stm32f103xb.o
TIM2_IRQHandler                                   build/startup_stm32f103xb.o
TIM3_IRQHandler                                   build/startup_stm32f103xb.o
TIM4_IRQHandler                                   build/startup_stm32f103xb.o
USART1_IRQHandler                                 build/startup_stm32f103xb.o
USART2_IRQHandler                                 build/startup_stm32f103xb.o
USART3_IRQHandler                                 build/startup_stm32f103xb.o
USBWakeUp_IRQHandler                              build/startup_stm32f103xb.o
USB_HP_CAN1_TX_IRQHandler                         build/startup_stm32f103xb.o
USB_LP_CAN1_RX0_IRQHandler                        build/startup_stm32f103xb.o
UsageFault_Handler                                build/stm32f1xx_it.o
WWDG_IRQHandler                                   build/startup_stm32f103xb.o
__adddf3                                          e:/project/program/vscode/tools/gcc-arm-none-eabi-10.3-2021.10/bin/../lib/gcc/arm-none-eabi/10.3.1/thumb/v7-m/nofp\libgcc.a(_arm_addsubdf3.o)
__addsf3                                          e:/project/program/vscode/tools/gcc-arm-none-eabi-10.3-2021.10/bin/../lib/gcc/arm-none-eabi/10.3.1/thumb/v7-m/nofp\libgcc.a(_arm_addsubsf3.o)
__aeabi_cdcmpeq                                   e:/project/program/vscode/tools/gcc-arm-none-eabi-10.3-2021.10/bin/../lib/gcc/arm-none-eabi/10.3.1/thumb/v7-m/nofp\libgcc.a(_arm_cmpdf2.o)
__aeabi_cdcmple                                   e:/project/program/vscode/tools/gcc-arm-none-eabi-10.3-2021.10/bin/../lib/gcc/arm-none-eabi/10.3.1/thumb/v7-m/nofp\libgcc.a(_arm_cmpdf2.o)
__aeabi_cdrcmple                                  e:/project/program/vscode/tools/gcc-arm-none-eabi-10.3-2021.10/bin/../lib/gcc/arm-none-eabi/10.3.1/thumb/v7-m/nofp\libgcc.a(_arm_cmpdf2.o)
__aeabi_d2f                                       e:/project/program/vscode/tools/gcc-arm-none-eabi-10.3-2021.10/bin/../lib/gcc/arm-none-eabi/10.3.1/thumb/v7-m/nofp\libgcc.a(_arm_truncdfsf2.o)
                                                  build/ssd1306.o
__aeabi_d2iz                                      e:/project/program/vscode/tools/gcc-arm-none-eabi-10.3-2021.10/bin/../lib/gcc/arm-none-eabi/10.3.1/thumb/v7-m/nofp\libgcc.a(_arm_fixdfsi.o)
                                                  e:/project/program/vscode/tools/gcc-arm-none-eabi-10.3-2021.10/bin/../lib/gcc/arm-none-eabi/10.3.1/../../../../arm-none-eabi/lib/thumb/v7-m/nofp\libm.a(lib_a-k_sin.o)
                                                  e:/project/program/vscode/tools/gcc-arm-none-eabi-10.3-2021.10/bin/../lib/gcc/arm-none-eabi/10.3.1/../../../../arm-none-eabi/lib/thumb/v7-m/nofp\libm.a(lib_a-k_rem_pio2.o)
                                                  e:/project/program/vscode/tools/gcc-arm-none-eabi-10.3-2021.10/bin/../lib/gcc/arm-none-eabi/10.3.1/../../../../arm-none-eabi/lib/thumb/v7-m/nofp\libm.a(lib_a-k_cos.o)
                                                  e:/project/program/vscode/tools/gcc-arm-none-eabi-10.3-2021.10/bin/../lib/gcc/arm-none-eabi/10.3.1/../../../../arm-none-eabi/lib/thumb/v7-m/nofp\libm.a(lib_a-e_rem_pio2.o)
                                                  build/ssd1306.o
                                                  build/main.o
__aeabi_dadd                                      e:/project/program/vscode/tools/gcc-arm-none-eabi-10.3-2021.10/bin/../lib/gcc/arm-none-eabi/10.3.1/thumb/v7-m/nofp\libgcc.a(_arm_addsubdf3.o)
                                                  e:/project/program/vscode/tools/gcc-arm-none-eabi-10.3-2021.10/bin/../lib/gcc/arm-none-eabi/10.3.1/../../../../arm-none-eabi/lib/thumb/v7-m/nofp\libm.a(lib_a-s_scalbn.o)
                                                  e:/project/program/vscode/tools/gcc-arm-none-eabi-10.3-2021.10/bin/../lib/gcc/arm-none-eabi/10.3.1/../../../../arm-none-eabi/lib/thumb/v7-m/nofp\libm.a(lib_a-s_floor.o)
                                                  e:/project/program/vscode/tools/gcc-arm-none-eabi-10.3-2021.10/bin/../lib/gcc/arm-none-eabi/10.3.1/../../../../arm-none-eabi/lib/thumb/v7-m/nofp\libm.a(lib_a-k_sin.o)
                                                  e:/project/program/vscode/tools/gcc-arm-none-eabi-10.3-2021.10/bin/../lib/gcc/arm-none-eabi/10.3.1/../../../../arm-none-eabi/lib/thumb/v7-m/nofp\libm.a(lib_a-k_rem_pio2.o)
                                                  e:/project/program/vscode/tools/gcc-arm-none-eabi-10.3-2021.10/bin/../lib/gcc/arm-none-eabi/10.3.1/../../../../arm-none-eabi/lib/thumb/v7-m/nofp\libm.a(lib_a-k_cos.o)
                                                  e:/project/program/vscode/tools/gcc-arm-none-eabi-10.3-2021.10/bin/../lib/gcc/arm-none-eabi/10.3.1/../../../../arm-none-eabi/lib/thumb/v7-m/nofp\libm.a(lib_a-e_rem_pio2.o)
__aeabi_dcmpeq                                    e:/project/program/vscode/tools/gcc-arm-none-eabi-10.3-2021.10/bin/../lib/gcc/arm-none-eabi/10.3.1/thumb/v7-m/nofp\libgcc.a(_arm_cmpdf2.o)
                                                  e:/project/program/vscode/tools/gcc-arm-none-eabi-10.3-2021.10/bin/../lib/gcc/arm-none-eabi/10.3.1/../../../../arm-none-eabi/lib/thumb/v7-m/nofp\libm.a(lib_a-k_rem_pio2.o)
                                                  e:/project/program/vscode/tools/gcc-arm-none-eabi-10.3-2021.10/bin/../lib/gcc/arm-none-eabi/10.3.1/../../../../arm-none-eabi/lib/thumb/v7-m/nofp\libm.a(lib_a-e_rem_pio2.o)
__aeabi_dcmpge                                    e:/project/program/vscode/tools/gcc-arm-none-eabi-10.3-2021.10/bin/../lib/gcc/arm-none-eabi/10.3.1/thumb/v7-m/nofp\libgcc.a(_arm_cmpdf2.o)
                                                  e:/project/program/vscode/tools/gcc-arm-none-eabi-10.3-2021.10/bin/../lib/gcc/arm-none-eabi/10.3.1/../../../../arm-none-eabi/lib/thumb/v7-m/nofp\libm.a(lib_a-k_rem_pio2.o)
__aeabi_dcmpgt                                    e:/project/program/vscode/tools/gcc-arm-none-eabi-10.3-2021.10/bin/../lib/gcc/arm-none-eabi/10.3.1/thumb/v7-m/nofp\libgcc.a(_arm_cmpdf2.o)
                                                  e:/project/program/vscode/tools/gcc-arm-none-eabi-10.3-2021.10/bin/../lib/gcc/arm-none-eabi/10.3.1/../../../../arm-none-eabi/lib/thumb/v7-m/nofp\libm.a(lib_a-s_floor.o)
__aeabi_dcmple                                    e:/project/program/vscode/tools/gcc-arm-none-eabi-10.3-2021.10/bin/../lib/gcc/arm-none-eabi/10.3.1/thumb/v7-m/nofp\libgcc.a(_arm_cmpdf2.o)
__aeabi_dcmplt                                    e:/project/program/vscode/tools/gcc-arm-none-eabi-10.3-2021.10/bin/../lib/gcc/arm-none-eabi/10.3.1/thumb/v7-m/nofp\libgcc.a(_arm_cmpdf2.o)
__aeabi_ddiv                                      e:/project/program/vscode/tools/gcc-arm-none-eabi-10.3-2021.10/bin/../lib/gcc/arm-none-eabi/10.3.1/thumb/v7-m/nofp\libgcc.a(_arm_muldivdf3.o)
                                                  build/ssd1306.o
                                                  build/main.o
__aeabi_dmul                                      e:/project/program/vscode/tools/gcc-arm-none-eabi-10.3-2021.10/bin/../lib/gcc/arm-none-eabi/10.3.1/thumb/v7-m/nofp\libgcc.a(_arm_muldivdf3.o)
                                                  e:/project/program/vscode/tools/gcc-arm-none-eabi-10.3-2021.10/bin/../lib/gcc/arm-none-eabi/10.3.1/thumb/v7-m/nofp\libgcc.a(_arm_muldf3.o)
                                                  e:/project/program/vscode/tools/gcc-arm-none-eabi-10.3-2021.10/bin/../lib/gcc/arm-none-eabi/10.3.1/../../../../arm-none-eabi/lib/thumb/v7-m/nofp\libm.a(lib_a-s_scalbn.o)
                                                  e:/project/program/vscode/tools/gcc-arm-none-eabi-10.3-2021.10/bin/../lib/gcc/arm-none-eabi/10.3.1/../../../../arm-none-eabi/lib/thumb/v7-m/nofp\libm.a(lib_a-k_sin.o)
                                                  e:/project/program/vscode/tools/gcc-arm-none-eabi-10.3-2021.10/bin/../lib/gcc/arm-none-eabi/10.3.1/../../../../arm-none-eabi/lib/thumb/v7-m/nofp\libm.a(lib_a-k_rem_pio2.o)
                                                  e:/project/program/vscode/tools/gcc-arm-none-eabi-10.3-2021.10/bin/../lib/gcc/arm-none-eabi/10.3.1/../../../../arm-none-eabi/lib/thumb/v7-m/nofp\libm.a(lib_a-k_cos.o)
                                                  e:/project/program/vscode/tools/gcc-arm-none-eabi-10.3-2021.10/bin/../lib/gcc/arm-none-eabi/10.3.1/../../../../arm-none-eabi/lib/thumb/v7-m/nofp\libm.a(lib_a-e_rem_pio2.o)
                                                  build/ssd1306.o
                                                  build/main.o